Archive member included because of file (symbol)

C:\Users\Pavel Duniak\Downloads\Arduino IDE\hardware\packages\arduino\hardware\sam\1.6.12\variants\arduino_due_x/libsam_sam3x8e_gcc_rel.a(pio.o)
                              SPI\SPI.cpp.o (PIO_Configure)
C:\Users\Pavel Duniak\Downloads\Arduino IDE\hardware\packages\arduino\hardware\sam\1.6.12\variants\arduino_due_x/libsam_sam3x8e_gcc_rel.a(pmc.o)
                              Arduino-Due-RTC-Library-master\rtc_clock.cpp.o (pmc_switch_sclk_to_32kxtal)
C:\Users\Pavel Duniak\Downloads\Arduino IDE\hardware\packages\arduino\hardware\sam\1.6.12\variants\arduino_due_x/libsam_sam3x8e_gcc_rel.a(rtc.o)
                              Arduino-Due-RTC-Library-master\rtc_clock.cpp.o (RTC_SetHourMode)
C:\Users\Pavel Duniak\Downloads\Arduino IDE\hardware\packages\arduino\hardware\sam\1.6.12\variants\arduino_due_x/libsam_sam3x8e_gcc_rel.a(spi.o)
                              SPI\SPI.cpp.o (SPI_Enable)
C:\Users\Pavel Duniak\Downloads\Arduino IDE\hardware\packages\arduino\hardware\sam\1.6.12\variants\arduino_due_x/libsam_sam3x8e_gcc_rel.a(system_sam3xa.o)
                              C:\Users\Pavel Duniak\AppData\Local\Temp\VMBCore\arduino16x\c585d5942833bc90f2eead3b847c9015\variant\variant.cpp.o (SystemInit)
C:\Users\Pavel Duniak\Downloads\Arduino IDE\hardware\packages\arduino\hardware\sam\1.6.12\variants\arduino_due_x/libsam_sam3x8e_gcc_rel.a(startup_sam3xa.o)
                              (Reset_Handler)
C:\Users\Pavel Duniak\Downloads\Arduino IDE\hardware\packages\arduino\hardware\sam\1.6.12\variants\arduino_due_x/libsam_sam3x8e_gcc_rel.a(adc.o)
                              C:\Users\Pavel Duniak\AppData\Local\Temp\VMBCore\arduino16x\c585d5942833bc90f2eead3b847c9015\variant\variant.cpp.o (adc_init)
C:\Users\Pavel Duniak\Downloads\Arduino IDE\hardware\packages\arduino\hardware\sam\1.6.12\variants\arduino_due_x/libsam_sam3x8e_gcc_rel.a(uotghs.o)
                              C:\Users\Pavel Duniak\Downloads\Arduino IDE\hardware\packages\arduino\hardware\sam\1.6.12\variants\arduino_due_x/libsam_sam3x8e_gcc_rel.a(startup_sam3xa.o) (UOTGHS_Handler)
C:\Users\Pavel Duniak\AppData\Local\Temp\VMBuilds\MAVlink_pabaigtas\arduino_due_x_dbg\Debug/core.a(cortex_handlers.c.o)
                              C:\Users\Pavel Duniak\Downloads\Arduino IDE\hardware\packages\arduino\hardware\sam\1.6.12\variants\arduino_due_x/libsam_sam3x8e_gcc_rel.a(startup_sam3xa.o) (NMI_Handler)
C:\Users\Pavel Duniak\AppData\Local\Temp\VMBuilds\MAVlink_pabaigtas\arduino_due_x_dbg\Debug/core.a(hooks.c.o)
                              C:\Users\Pavel Duniak\AppData\Local\Temp\VMBuilds\MAVlink_pabaigtas\arduino_due_x_dbg\Debug/core.a(cortex_handlers.c.o) (sysTickHook)
C:\Users\Pavel Duniak\AppData\Local\Temp\VMBuilds\MAVlink_pabaigtas\arduino_due_x_dbg\Debug/core.a(syscalls_sam3.c.o)
                              (_sbrk)
C:\Users\Pavel Duniak\AppData\Local\Temp\VMBuilds\MAVlink_pabaigtas\arduino_due_x_dbg\Debug/core.a(wiring.c.o)
                              MAVlink_pabaigtas.cpp.o (millis)
C:\Users\Pavel Duniak\AppData\Local\Temp\VMBuilds\MAVlink_pabaigtas\arduino_due_x_dbg\Debug/core.a(wiring_analog.c.o)
                              C:\Users\Pavel Duniak\AppData\Local\Temp\VMBCore\arduino16x\c585d5942833bc90f2eead3b847c9015\variant\variant.cpp.o (analogOutputInit)
C:\Users\Pavel Duniak\AppData\Local\Temp\VMBuilds\MAVlink_pabaigtas\arduino_due_x_dbg\Debug/core.a(wiring_digital.c.o)
                              MAVlink_pabaigtas.cpp.o (pinMode)
C:\Users\Pavel Duniak\AppData\Local\Temp\VMBuilds\MAVlink_pabaigtas\arduino_due_x_dbg\Debug/core.a(abi.cpp.o)
                              SD\File.cpp.o (__cxa_pure_virtual)
C:\Users\Pavel Duniak\AppData\Local\Temp\VMBuilds\MAVlink_pabaigtas\arduino_due_x_dbg\Debug/core.a(main.cpp.o)
                              c:/users/pavel duniak/downloads/arduino ide/hardware/packages/arduino/tools/arm-none-eabi-gcc/4.8.3-2014q1/bin/../lib/gcc/arm-none-eabi/4.8.3/../../../../arm-none-eabi/lib/armv7-m/crt0.o (main)
C:\Users\Pavel Duniak\AppData\Local\Temp\VMBuilds\MAVlink_pabaigtas\arduino_due_x_dbg\Debug/core.a(Print.cpp.o)
                              SD\File.cpp.o (Print::write(unsigned char const*, unsigned int))
C:\Users\Pavel Duniak\AppData\Local\Temp\VMBuilds\MAVlink_pabaigtas\arduino_due_x_dbg\Debug/core.a(Reset.cpp.o)
                              C:\Users\Pavel Duniak\AppData\Local\Temp\VMBuilds\MAVlink_pabaigtas\arduino_due_x_dbg\Debug/core.a(cortex_handlers.c.o) (tickReset)
C:\Users\Pavel Duniak\AppData\Local\Temp\VMBuilds\MAVlink_pabaigtas\arduino_due_x_dbg\Debug/core.a(RingBuffer.cpp.o)
                              C:\Users\Pavel Duniak\AppData\Local\Temp\VMBCore\arduino16x\c585d5942833bc90f2eead3b847c9015\variant\variant.cpp.o (RingBuffer::RingBuffer())
C:\Users\Pavel Duniak\AppData\Local\Temp\VMBuilds\MAVlink_pabaigtas\arduino_due_x_dbg\Debug/core.a(UARTClass.cpp.o)
                              MAVlink_pabaigtas.cpp.o (UARTClass::available())
[...]
Memory Configuration

Name             Origin             Length             Attributes
rom              0x00080000         0x00080000         xr
sram0            0x20000000         0x00010000         xrw
sram1            0x20080000         0x00008000         xrw
ram              0x20070000         0x00018000         xrw
*default*        0x00000000         0xffffffff

Linker script and memory map

LOAD c:/users/pavel duniak/downloads/arduino ide/hardware/packages/arduino/tools/arm-none-eabi-gcc/4.8.3-2014q1/bin/../lib/gcc/arm-none-eabi/4.8.3/armv7-m/crti.o
LOAD c:/users/pavel duniak/downloads/arduino ide/hardware/packages/arduino/tools/arm-none-eabi-gcc/4.8.3-2014q1/bin/../lib/gcc/arm-none-eabi/4.8.3/armv7-m/crtbegin.o
LOAD c:/users/pavel duniak/downloads/arduino ide/hardware/packages/arduino/tools/arm-none-eabi-gcc/4.8.3-2014q1/bin/../lib/gcc/arm-none-eabi/4.8.3/../../../../arm-none-eabi/lib/armv7-m/crt0.o
START GROUP
LOAD MAVlink_pabaigtas.cpp.o
LOAD SPI\SPI.cpp.o
LOAD SD\File.cpp.o
LOAD SD\SD.cpp.o
LOAD SD\utility\Sd2Card.cpp.o
LOAD SD\utility\SdFile.cpp.o
LOAD SD\utility\SdVolume.cpp.o
LOAD Arduino-Due-RTC-Library-master\rtc_clock.cpp.o
LOAD C:\Users\Pavel Duniak\AppData\Local\Temp\VMBCore\arduino16x\c585d5942833bc90f2eead3b847c9015\variant\variant.cpp.o
LOAD C:\Users\Pavel Duniak\Downloads\Arduino IDE\hardware\packages\arduino\hardware\sam\1.6.12\variants\arduino_due_x/libsam_sam3x8e_gcc_rel.a
LOAD C:\Users\Pavel Duniak\AppData\Local\Temp\VMBuilds\MAVlink_pabaigtas\arduino_due_x_dbg\Debug/core.a
END GROUP
LOAD c:/users/pavel duniak/downloads/arduino ide/hardware/packages/arduino/tools/arm-none-eabi-gcc/4.8.3-2014q1/bin/../lib/gcc/arm-none-eabi/4.8.3/../../../../arm-none-eabi/lib/armv7-m\libm.a
LOAD c:/users/pavel duniak/downloads/arduino ide/hardware/packages/arduino/tools/arm-none-eabi-gcc/4.8.3-2014q1/bin/../lib/gcc/arm-none-eabi/4.8.3/armv7-m\libgcc.a
START GROUP
LOAD c:/users/pavel duniak/downloads/arduino ide/hardware/packages/arduino/tools/arm-none-eabi-gcc/4.8.3-2014q1/bin/../lib/gcc/arm-none-eabi/4.8.3/armv7-m\libgcc.a
LOAD c:/users/pavel duniak/downloads/arduino ide/hardware/packages/arduino/tools/arm-none-eabi-gcc/4.8.3-2014q1/bin/../lib/gcc/arm-none-eabi/4.8.3/../../../../arm-none-eabi/lib/armv7-m\libc.a
END GROUP
LOAD c:/users/pavel duniak/downloads/arduino ide/hardware/packages/arduino/tools/arm-none-eabi-gcc/4.8.3-2014q1/bin/../lib/gcc/arm-none-eabi/4.8.3/armv7-m/crtend.o
LOAD c:/users/pavel duniak/downloads/arduino ide/hardware/packages/arduino/tools/arm-none-eabi-gcc/4.8.3-2014q1/bin/../lib/gcc/arm-none-eabi/4.8.3/armv7-m/crtn.o

.text           0x00080000     0x86a4
                0x00080000                . = ALIGN (0x4)
                0x00080000                _sfixed = .
 *(.vectors .vectors.*)
 .vectors       0x00080000       0xf4 C:\Users\Pavel Duniak\Downloads\Arduino IDE\hardware\packages\arduino\hardware\sam\1.6.12\variants\arduino_due_x/libsam_sam3x8e_gcc_rel.a(startup_sam3xa.o)
                0x00080000                exception_table
 *(.text .text.* .gnu.linkonce.t.*)
 .text          0x000800f4       0x54 c:/users/pavel duniak/downloads/arduino ide/hardware/packages/arduino/tools/arm-none-eabi-gcc/4.8.3-2014q1/bin/../lib/gcc/arm-none-eabi/4.8.3/armv7-m/crtbegin.o
 .text.crc_accumulate
                0x00080148       0x1c MAVlink_pabaigtas.cpp.o
 .text.mavlink_finalize_message_chan.constprop.5
                0x00080164       0x68 MAVlink_pabaigtas.cpp.o
 .text._Z11init_sdcardv
                0x000801cc       0xc0 MAVlink_pabaigtas.cpp.o
                0x000801cc                init_sdcard()
 .text._Z19write_GPS_on_SDCardlll
                0x0008028c       0x78 MAVlink_pabaigtas.cpp.o
                0x0008028c                write_GPS_on_SDCard(long, long, long)
 .text._Z19write_PRY_on_SDCardfff
                0x00080304       0xb4 MAVlink_pabaigtas.cpp.o
                0x00080304                write_PRY_on_SDCard(float, float, float)
 .text._Z20RC_get_channel_valuei
                0x000803b8        0xc MAVlink_pabaigtas.cpp.o
                0x000803b8                RC_get_channel_value(int)
 .text._Z16Mav_Request_Datav
                0x000803c4       0x7c MAVlink_pabaigtas.cpp.o
                0x000803c4                Mav_Request_Data()
 .text.startup._GLOBAL__sub_I_dataFile
                0x00080440       0x1c MAVlink_pabaigtas.cpp.o
 .text.setup    0x0008045c       0x78 MAVlink_pabaigtas.cpp.o
                0x0008045c                setup
 .text._Z12comm_receivev
                0x000804d4      0x33c MAVlink_pabaigtas.cpp.o
                0x000804d4                comm_receive()
 .text.loop     0x00080810       0xbc MAVlink_pabaigtas.cpp.o
                0x00080810                loop
 .text._ZL10SPI_0_Initv
                0x000808cc       0x48 SPI\SPI.cpp.o
 .text._ZN8SPIClass4initEv
                0x00080914       0x36 SPI\SPI.cpp.o
                0x00080914                SPIClass::init()
 *fill*         0x0008094a        0x2 
 .text._ZN8SPIClass16beginTransactionEh11SPISettings
                0x0008094c       0x98 SPI\SPI.cpp.o
                0x0008094c                SPIClass::beginTransaction(unsigned char, SPISettings)
 .text._ZN8SPIClass14endTransactionEv
                0x000809e4       0x50 SPI\SPI.cpp.o
                0x000809e4                SPIClass::endTransaction()
 .text._ZN8SPIClass11setDataModeEhh
                0x00080a34       0x34 SPI\SPI.cpp.o
                0x00080a34                SPIClass::setDataMode(unsigned char, unsigned char)
 .text._ZN8SPIClass15setClockDividerEhh
                0x00080a68       0x2e SPI\SPI.cpp.o
                0x00080a68                SPIClass::setClockDivider(unsigned char, unsigned char)
 .text._ZN8SPIClass5beginEv
                0x00080a96       0x22 SPI\SPI.cpp.o
                0x00080a96                SPIClass::begin()
 .text._ZN8SPIClass8transferEhh15SPITransferMode
                0x00080ab8       0x5e SPI\SPI.cpp.o
                0x00080ab8                SPIClass::transfer(unsigned char, unsigned char, SPITransferMode)
 *fill*         0x00080b16        0x2 
 .text.startup._GLOBAL__sub_I__ZN8SPIClassC2EP3SpimPFvvE
                0x00080b18       0x24 SPI\SPI.cpp.o
 .text._ZN5SDLib4File5writeEh
                0x00080b3c       0x16 SD\File.cpp.o
                0x00080b3c                SDLib::File::write(unsigned char)
 .text._ZN5SDLib4File5writeEPKhj
                0x00080b52       0x26 SD\File.cpp.o
                0x00080b52                SDLib::File::write(unsigned char const*, unsigned int)
 .text._ZN5SDLib4File17availableForWriteEv
                0x00080b78        0xa SD\File.cpp.o
                0x00080b78                SDLib::File::availableForWrite()
 .text._ZN5SDLib4File5flushEv
                0x00080b82        0xc SD\File.cpp.o
                0x00080b82                SDLib::File::flush()
 .text._ZN6SdFile4readEv
                0x00080b8e       0x20 SD\File.cpp.o
                0x00080b8e                SdFile::read()
 .text._ZN5SDLib4File4readEv
                0x00080bae       0x12 SD\File.cpp.o
                0x00080bae                SDLib::File::read()
 .text._ZN5SDLib4File4peekEv
                0x00080bc0       0x20 SD\File.cpp.o
                0x00080bc0                SDLib::File::peek()
 .text._ZN5SDLib4FileC2E6SdFilePKc
                0x00080be0       0x50 SD\File.cpp.o
                0x00080be0                SDLib::File::File(SdFile, char const*)
                0x00080be0                SDLib::File::File(SdFile, char const*)
 .text._ZN5SDLib4FileC2Ev
                0x00080c30       0x18 SD\File.cpp.o
                0x00080c30                SDLib::File::File()
                0x00080c30                SDLib::File::File()
 .text._ZN5SDLib4File8positionEv
                0x00080c48        0xe SD\File.cpp.o
                0x00080c48                SDLib::File::position()
 .text._ZN5SDLib4File4sizeEv
                0x00080c56        0x8 SD\File.cpp.o
                0x00080c56                SDLib::File::size()
 .text._ZN5SDLib4File9availableEv
                0x00080c5e       0x26 SD\File.cpp.o
                0x00080c5e                SDLib::File::available()
 .text._ZN5SDLib4File5closeEv
                0x00080c84       0x18 SD\File.cpp.o
                0x00080c84                SDLib::File::close()
 .text._ZN5SDLib4FilecvbEv
                0x00080c9c        0xe SD\File.cpp.o
                0x00080c9c                SDLib::File::operator bool()
 .text._ZN8SdVolume4initEP7Sd2Card
                0x00080caa       0x20 SD\SD.cpp.o
                0x00080caa                SdVolume::init(Sd2Card*)
 .text._ZN5SDLib7SDClass5beginEh
                0x00080cca       0x44 SD\SD.cpp.o
                0x00080cca                SDLib::SDClass::begin(unsigned char)
 *fill*         0x00080d0e        0x2 
 .text._ZN6SdFileC2ERKS_
                0x00080d10       0x34 SD\SD.cpp.o
                0x00080d10                SdFile::SdFile(SdFile const&)
                0x00080d10                SdFile::SdFile(SdFile const&)
 .text._ZN5SDLib7SDClass12getParentDirEPKcPi
                0x00080d44       0xbc SD\SD.cpp.o
                0x00080d44                SDLib::SDClass::getParentDir(char const*, int*)
 .text._ZN5SDLib7SDClass4openEPKch
                0x00080e00       0x8c SD\SD.cpp.o
                0x00080e00                SDLib::SDClass::open(char const*, unsigned char)
 .text.startup._GLOBAL__sub_I__ZN5SDLib20getNextPathComponentEPKcPjPc
                0x00080e8c       0x28 SD\SD.cpp.o
 .text._ZL7spiSendh
                0x00080eb4       0x10 SD\utility\Sd2Card.cpp.o
 .text._ZL6spiRecv
                0x00080ec4       0x10 SD\utility\Sd2Card.cpp.o
 .text._ZN7Sd2Card14chipSelectHighEv
                0x00080ed4       0x28 SD\utility\Sd2Card.cpp.o
                0x00080ed4                Sd2Card::chipSelectHigh()
 .text._ZN7Sd2Card13chipSelectLowEv
                0x00080efc       0x40 SD\utility\Sd2Card.cpp.o
                0x00080efc                Sd2Card::chipSelectLow()
 .text._ZN7Sd2Card7readEndEv
                0x00080f3c       0x2a SD\utility\Sd2Card.cpp.o
                0x00080f3c                Sd2Card::readEnd()
 *fill*         0x00080f66        0x2 
 .text._ZN7Sd2Card10setSckRateEh
                0x00080f68       0x58 SD\utility\Sd2Card.cpp.o
                0x00080f68                Sd2Card::setSckRate(unsigned char)
 .text._ZN7Sd2Card11waitNotBusyEj
                0x00080fc0       0x24 SD\utility\Sd2Card.cpp.o
                0x00080fc0                Sd2Card::waitNotBusy(unsigned int)
 .text._ZN7Sd2Card11cardCommandEhm
                0x00080fe4       0x60 SD\utility\Sd2Card.cpp.o
                0x00080fe4                Sd2Card::cardCommand(unsigned char, unsigned long)
 .text._ZN7Sd2Card4initEhh
                0x00081044      0x14c SD\utility\Sd2Card.cpp.o
                0x00081044                Sd2Card::init(unsigned char, unsigned char)
 .text._ZN7Sd2Card14waitStartBlockEv
                0x00081190       0x3a SD\utility\Sd2Card.cpp.o
                0x00081190                Sd2Card::waitStartBlock()
 .text._ZN7Sd2Card8readDataEmttPh
                0x000811ca       0xa4 SD\utility\Sd2Card.cpp.o
                0x000811ca                Sd2Card::readData(unsigned long, unsigned short, unsigned short, unsigned char*)
 .text._ZN7Sd2Card9readBlockEmPh
                0x0008126e       0x14 SD\utility\Sd2Card.cpp.o
                0x0008126e                Sd2Card::readBlock(unsigned long, unsigned char*)
 .text._ZN7Sd2Card9writeDataEhPKh
                0x00081282       0x48 SD\utility\Sd2Card.cpp.o
                0x00081282                Sd2Card::writeData(unsigned char, unsigned char const*)
 .text._ZN7Sd2Card10writeBlockEmPKhh
                0x000812ca       0x70 SD\utility\Sd2Card.cpp.o
                0x000812ca                Sd2Card::writeBlock(unsigned long, unsigned char const*, unsigned char)
 .text._ZN7Sd2Card6isBusyEv
                0x0008133a       0x1e SD\utility\Sd2Card.cpp.o
                0x0008133a                Sd2Card::isBusy()
 .text.startup._GLOBAL__sub_I__ZN7Sd2Card11cardCommandEhm
                0x00081358       0x14 SD\utility\Sd2Card.cpp.o
 .text._ZN6SdFile10addClusterEv
                0x0008136c       0x2e SD\utility\SdFile.cpp.o
                0x0008136c                SdFile::addCluster()
 .text._ZN6SdFile13addDirClusterEv
                0x0008139a       0x46 SD\utility\SdFile.cpp.o
                0x0008139a                SdFile::addDirCluster()
 .text._ZN6SdFile13cacheDirEntryEh
                0x000813e0       0x1c SD\utility\SdFile.cpp.o
                0x000813e0                SdFile::cacheDirEntry(unsigned char)
 .text._ZN6SdFile10make83NameEPKcPh
                0x000813fc       0x98 SD\utility\SdFile.cpp.o
                0x000813fc                SdFile::make83Name(char const*, unsigned char*)
 .text._ZN6SdFile8openRootEP8SdVolume
                0x00081494       0x50 SD\utility\SdFile.cpp.o
                0x00081494                SdFile::openRoot(SdVolume*)
 .text._ZN6SdFile4readEPvt
                0x000814e4      0x104 SD\utility\SdFile.cpp.o
                0x000814e4                SdFile::read(void*, unsigned short)
 .text._ZN6SdFile12readDirCacheEv
                0x000815e8       0x44 SD\utility\SdFile.cpp.o
                0x000815e8                SdFile::readDirCache()
 .text._ZN6SdFile7seekSetEm
                0x0008162c       0x5e SD\utility\SdFile.cpp.o
                0x0008162c                SdFile::seekSet(unsigned long)
 *fill*         0x0008168a        0x2 
 .text._ZN6SdFile4syncEh
                0x0008168c       0x64 SD\utility\SdFile.cpp.o
                0x0008168c                SdFile::sync(unsigned char)
 .text._ZN6SdFile5closeEv
                0x000816f0       0x14 SD\utility\SdFile.cpp.o
                0x000816f0                SdFile::close()
 .text._ZN6SdFile8truncateEm
                0x00081704       0xb4 SD\utility\SdFile.cpp.o
                0x00081704                SdFile::truncate(unsigned long)
 .text._ZN6SdFile15openCachedEntryEhh
                0x000817b8       0x7c SD\utility\SdFile.cpp.o
                0x000817b8                SdFile::openCachedEntry(unsigned char, unsigned char)
 .text._ZN6SdFile4openEPS_PKch
                0x00081834      0x114 SD\utility\SdFile.cpp.o
                0x00081834                SdFile::open(SdFile*, char const*, unsigned char)
 .text._ZN6SdFile5writeEPKvt
                0x00081948      0x1a0 SD\utility\SdFile.cpp.o
                0x00081948                SdFile::write(void const*, unsigned short)
 .text._ZN6SdFile5writeEh
                0x00081ae8       0x16 SD\utility\SdFile.cpp.o
                0x00081ae8                SdFile::write(unsigned char)
 *fill*         0x00081afe        0x2 
 .text._ZN6SdFile17availableForWriteEv
                0x00081b00       0x7c SD\utility\SdFile.cpp.o
                0x00081b00                SdFile::availableForWrite()
 .text._ZN8SdVolume21cacheMirrorBlockFlushEh
                0x00081b7c       0x2c SD\utility\SdVolume.cpp.o
                0x00081b7c                SdVolume::cacheMirrorBlockFlush(unsigned char)
 .text._ZN8SdVolume10cacheFlushEh
                0x00081ba8       0x40 SD\utility\SdVolume.cpp.o
                0x00081ba8                SdVolume::cacheFlush(unsigned char)
 .text._ZN8SdVolume13cacheRawBlockEmh
                0x00081be8       0x48 SD\utility\SdVolume.cpp.o
                0x00081be8                SdVolume::cacheRawBlock(unsigned long, unsigned char)
 .text._ZN8SdVolume14cacheZeroBlockEm
                0x00081c30       0x3c SD\utility\SdVolume.cpp.o
                0x00081c30                SdVolume::cacheZeroBlock(unsigned long)
 .text._ZNK8SdVolume6fatGetEmPm
                0x00081c6c       0x64 SD\utility\SdVolume.cpp.o
                0x00081c6c                SdVolume::fatGet(unsigned long, unsigned long*) const
 .text._ZNK8SdVolume9chainSizeEmPm
                0x00081cd0       0x44 SD\utility\SdVolume.cpp.o
                0x00081cd0                SdVolume::chainSize(unsigned long, unsigned long*) const
 .text._ZN8SdVolume6fatPutEmm
                0x00081d14       0x84 SD\utility\SdVolume.cpp.o
                0x00081d14                SdVolume::fatPut(unsigned long, unsigned long)
 .text._ZN8SdVolume15allocContiguousEmPm
                0x00081d98       0xb4 SD\utility\SdVolume.cpp.o
                0x00081d98                SdVolume::allocContiguous(unsigned long, unsigned long*)
 .text._ZN8SdVolume9freeChainEm
                0x00081e4c       0x48 SD\utility\SdVolume.cpp.o
                0x00081e4c                SdVolume::freeChain(unsigned long)
 .text._ZN8SdVolume4initEP7Sd2Cardh
                0x00081e94       0xf4 SD\utility\SdVolume.cpp.o
                0x00081e94                SdVolume::init(Sd2Card*, unsigned char)
 .text._ZN9RTC_clockC2Ei
                0x00081f88       0x1c Arduino-Due-RTC-Library-master\rtc_clock.cpp.o
                0x00081f88                RTC_clock::RTC_clock(int)
                0x00081f88                RTC_clock::RTC_clock(int)
 .text.RTC_Handler
                0x00081fa4       0x38 Arduino-Due-RTC-Library-master\rtc_clock.cpp.o
                0x00081fa4                RTC_Handler
 .text._Z11serialEventv
                0x00081fdc        0x2 C:\Users\Pavel Duniak\AppData\Local\Temp\VMBCore\arduino16x\c585d5942833bc90f2eead3b847c9015\variant\variant.cpp.o
                0x00081fdc                serialEvent()
 *fill*         0x00081fde        0x2 
 .text.UART_Handler
                0x00081fe0        0xc C:\Users\Pavel Duniak\AppData\Local\Temp\VMBCore\arduino16x\c585d5942833bc90f2eead3b847c9015\variant\variant.cpp.o
                0x00081fe0                UART_Handler
 .text._Z12serialEvent1v
                0x00081fec        0x2 C:\Users\Pavel Duniak\AppData\Local\Temp\VMBCore\arduino16x\c585d5942833bc90f2eead3b847c9015\variant\variant.cpp.o
                0x00081fec                serialEvent1()
 .text._Z12serialEvent2v
                0x00081fee        0x2 C:\Users\Pavel Duniak\AppData\Local\Temp\VMBCore\arduino16x\c585d5942833bc90f2eead3b847c9015\variant\variant.cpp.o
                0x00081fee                serialEvent2()
 .text._Z12serialEvent3v
                0x00081ff0        0x2 C:\Users\Pavel Duniak\AppData\Local\Temp\VMBCore\arduino16x\c585d5942833bc90f2eead3b847c9015\variant\variant.cpp.o
                0x00081ff0                serialEvent3()
 *fill*         0x00081ff2        0x2 
 .text.USART0_Handler
                0x00081ff4        0xc C:\Users\Pavel Duniak\AppData\Local\Temp\VMBCore\arduino16x\c585d5942833bc90f2eead3b847c9015\variant\variant.cpp.o
                0x00081ff4                USART0_Handler
 .text.USART1_Handler
                0x00082000        0xc C:\Users\Pavel Duniak\AppData\Local\Temp\VMBCore\arduino16x\c585d5942833bc90f2eead3b847c9015\variant\variant.cpp.o
                0x00082000                USART1_Handler
 .text.USART3_Handler
                0x0008200c        0xc C:\Users\Pavel Duniak\AppData\Local\Temp\VMBCore\arduino16x\c585d5942833bc90f2eead3b847c9015\variant\variant.cpp.o
                0x0008200c                USART3_Handler
 .text.init     0x00082018      0x128 C:\Users\Pavel Duniak\AppData\Local\Temp\VMBCore\arduino16x\c585d5942833bc90f2eead3b847c9015\variant\variant.cpp.o
                0x00082018                init
 .text.startup._GLOBAL__sub_I_g_APinDescription
                0x00082140       0xd4 C:\Users\Pavel Duniak\AppData\Local\Temp\VMBCore\arduino16x\c585d5942833bc90f2eead3b847c9015\variant\variant.cpp.o
 .text._Z14serialEventRunv
                0x00082214       0x44 C:\Users\Pavel Duniak\AppData\Local\Temp\VMBCore\arduino16x\c585d5942833bc90f2eead3b847c9015\variant\variant.cpp.o
                0x00082214                serialEventRun()
 .text.PIO_PullUp
                0x00082258        0xa C:\Users\Pavel Duniak\Downloads\Arduino IDE\hardware\packages\arduino\hardware\sam\1.6.12\variants\arduino_due_x/libsam_sam3x8e_gcc_rel.a(pio.o)
                0x00082258                PIO_PullUp
 .text.PIO_SetPeripheral
                0x00082262       0x26 C:\Users\Pavel Duniak\Downloads\Arduino IDE\hardware\packages\arduino\hardware\sam\1.6.12\variants\arduino_due_x/libsam_sam3x8e_gcc_rel.a(pio.o)
                0x00082262                PIO_SetPeripheral
 .text.PIO_SetInput
                0x00082288       0x26 C:\Users\Pavel Duniak\Downloads\Arduino IDE\hardware\packages\arduino\hardware\sam\1.6.12\variants\arduino_due_x/libsam_sam3x8e_gcc_rel.a(pio.o)
                0x00082288                PIO_SetInput
 .text.PIO_SetOutput
                0x000822ae       0x24 C:\Users\Pavel Duniak\Downloads\Arduino IDE\hardware\packages\arduino\hardware\sam\1.6.12\variants\arduino_due_x/libsam_sam3x8e_gcc_rel.a(pio.o)
                0x000822ae                PIO_SetOutput
 *fill*         0x000822d2        0x2 
 .text.PIO_Configure
                0x000822d4       0x64 C:\Users\Pavel Duniak\Downloads\Arduino IDE\hardware\packages\arduino\hardware\sam\1.6.12\variants\arduino_due_x/libsam_sam3x8e_gcc_rel.a(pio.o)
                0x000822d4                PIO_Configure
 .text.PIO_GetOutputDataStatus
                0x00082338       0x14 C:\Users\Pavel Duniak\Downloads\Arduino IDE\hardware\packages\arduino\hardware\sam\1.6.12\variants\arduino_due_x/libsam_sam3x8e_gcc_rel.a(pio.o)
                0x00082338                PIO_GetOutputDataStatus
 .text.pmc_switch_sclk_to_32kxtal
                0x0008234c       0x24 C:\Users\Pavel Duniak\Downloads\Arduino IDE\hardware\packages\arduino\hardware\sam\1.6.12\variants\arduino_due_x/libsam_sam3x8e_gcc_rel.a(pmc.o)
                0x0008234c                pmc_switch_sclk_to_32kxtal
 .text.pmc_osc_is_ready_32kxtal
                0x00082370       0x1c C:\Users\Pavel Duniak\Downloads\Arduino IDE\hardware\packages\arduino\hardware\sam\1.6.12\variants\arduino_due_x/libsam_sam3x8e_gcc_rel.a(pmc.o)
                0x00082370                pmc_osc_is_ready_32kxtal
 .text.pmc_enable_upll_clock
                0x0008238c       0x14 C:\Users\Pavel Duniak\Downloads\Arduino IDE\hardware\packages\arduino\hardware\sam\1.6.12\variants\arduino_due_x/libsam_sam3x8e_gcc_rel.a(pmc.o)
                0x0008238c                pmc_enable_upll_clock
 .text.pmc_enable_periph_clk
                0x000823a0       0x44 C:\Users\Pavel Duniak\Downloads\Arduino IDE\hardware\packages\arduino\hardware\sam\1.6.12\variants\arduino_due_x/libsam_sam3x8e_gcc_rel.a(pmc.o)
                0x000823a0                pmc_enable_periph_clk
 .text.pmc_disable_periph_clk
                0x000823e4       0x40 C:\Users\Pavel Duniak\Downloads\Arduino IDE\hardware\packages\arduino\hardware\sam\1.6.12\variants\arduino_due_x/libsam_sam3x8e_gcc_rel.a(pmc.o)
                0x000823e4                pmc_disable_periph_clk
 .text.pmc_switch_udpck_to_upllck
                0x00082424       0x14 C:\Users\Pavel Duniak\Downloads\Arduino IDE\hardware\packages\arduino\hardware\sam\1.6.12\variants\arduino_due_x/libsam_sam3x8e_gcc_rel.a(pmc.o)
                0x00082424                pmc_switch_udpck_to_upllck
 .text.pmc_enable_udpck
                0x00082438        0xc C:\Users\Pavel Duniak\Downloads\Arduino IDE\hardware\packages\arduino\hardware\sam\1.6.12\variants\arduino_due_x/libsam_sam3x8e_gcc_rel.a(pmc.o)
                0x00082438                pmc_enable_udpck
 .text.RTC_EnableIt
                0x00082444       0x28 C:\Users\Pavel Duniak\Downloads\Arduino IDE\hardware\packages\arduino\hardware\sam\1.6.12\variants\arduino_due_x/libsam_sam3x8e_gcc_rel.a(rtc.o)
                0x00082444                RTC_EnableIt
 .text.RTC_DisableIt
                0x0008246c       0x28 C:\Users\Pavel Duniak\Downloads\Arduino IDE\hardware\packages\arduino\hardware\sam\1.6.12\variants\arduino_due_x/libsam_sam3x8e_gcc_rel.a(rtc.o)
                0x0008246c                RTC_DisableIt
 .text.RTC_ClearSCCR
                0x00082494        0x8 C:\Users\Pavel Duniak\Downloads\Arduino IDE\hardware\packages\arduino\hardware\sam\1.6.12\variants\arduino_due_x/libsam_sam3x8e_gcc_rel.a(rtc.o)
                0x00082494                RTC_ClearSCCR
 .text.SPI_Enable
                0x0008249c        0x6 C:\Users\Pavel Duniak\Downloads\Arduino IDE\hardware\packages\arduino\hardware\sam\1.6.12\variants\arduino_due_x/libsam_sam3x8e_gcc_rel.a(spi.o)
                0x0008249c                SPI_Enable
 *fill*         0x000824a2        0x2 
 .text.SPI_Configure
                0x000824a4       0x20 C:\Users\Pavel Duniak\Downloads\Arduino IDE\hardware\packages\arduino\hardware\sam\1.6.12\variants\arduino_due_x/libsam_sam3x8e_gcc_rel.a(spi.o)
                0x000824a4                SPI_Configure
 .text.SPI_ConfigureNPCS
                0x000824c4        0x8 C:\Users\Pavel Duniak\Downloads\Arduino IDE\hardware\packages\arduino\hardware\sam\1.6.12\variants\arduino_due_x/libsam_sam3x8e_gcc_rel.a(spi.o)
                0x000824c4                SPI_ConfigureNPCS
 .text.SystemInit
                0x000824cc       0x88 C:\Users\Pavel Duniak\Downloads\Arduino IDE\hardware\packages\arduino\hardware\sam\1.6.12\variants\arduino_due_x/libsam_sam3x8e_gcc_rel.a(system_sam3xa.o)
                0x000824cc                SystemInit
 .text.Reset_Handler
                0x00082554       0x78 C:\Users\Pavel Duniak\Downloads\Arduino IDE\hardware\packages\arduino\hardware\sam\1.6.12\variants\arduino_due_x/libsam_sam3x8e_gcc_rel.a(startup_sam3xa.o)
                0x00082554                Reset_Handler
 .text.adc_init
                0x000825cc       0x98 C:\Users\Pavel Duniak\Downloads\Arduino IDE\hardware\packages\arduino\hardware\sam\1.6.12\variants\arduino_due_x/libsam_sam3x8e_gcc_rel.a(adc.o)
                0x000825cc                adc_init
 .text.adc_configure_trigger
                0x00082664        0xe C:\Users\Pavel Duniak\Downloads\Arduino IDE\hardware\packages\arduino\hardware\sam\1.6.12\variants\arduino_due_x/libsam_sam3x8e_gcc_rel.a(adc.o)
                0x00082664                adc_configure_trigger
 .text.adc_configure_timing
                0x00082672       0x1a C:\Users\Pavel Duniak\Downloads\Arduino IDE\hardware\packages\arduino\hardware\sam\1.6.12\variants\arduino_due_x/libsam_sam3x8e_gcc_rel.a(adc.o)
                0x00082672                adc_configure_timing
 .text.adc_disable_channel
                0x0008268c        0xa C:\Users\Pavel Duniak\Downloads\Arduino IDE\hardware\packages\arduino\hardware\sam\1.6.12\variants\arduino_due_x/libsam_sam3x8e_gcc_rel.a(adc.o)
                0x0008268c                adc_disable_channel
 .text.adc_disable_all_channel
                0x00082696        0x8 C:\Users\Pavel Duniak\Downloads\Arduino IDE\hardware\packages\arduino\hardware\sam\1.6.12\variants\arduino_due_x/libsam_sam3x8e_gcc_rel.a(adc.o)
                0x00082696                adc_disable_all_channel
 .text.adc_disable_interrupt
                0x0008269e        0x4 C:\Users\Pavel Duniak\Downloads\Arduino IDE\hardware\packages\arduino\hardware\sam\1.6.12\variants\arduino_due_x/libsam_sam3x8e_gcc_rel.a(adc.o)
                0x0008269e                adc_disable_interrupt
 *fill*         0x000826a2        0x2 
 .text.UOTGHS_Handler
                0x000826a4       0x10 C:\Users\Pavel Duniak\Downloads\Arduino IDE\hardware\packages\arduino\hardware\sam\1.6.12\variants\arduino_due_x/libsam_sam3x8e_gcc_rel.a(uotghs.o)
                0x000826a4                UOTGHS_Handler
 .text.__halt   0x000826b4        0x2 C:\Users\Pavel Duniak\AppData\Local\Temp\VMBuilds\MAVlink_pabaigtas\arduino_due_x_dbg\Debug/core.a(cortex_handlers.c.o)
                0x000826b4                DACC_Handler
                0x000826b4                DebugMon_Handler
                0x000826b4                DMAC_Handler
                0x000826b4                TRNG_Handler
                0x000826b4                HardFault_Handler
                0x000826b4                TC2_Handler
                0x000826b4                TWI1_Handler
                0x000826b4                NMI_Handler
                0x000826b4                TC7_Handler
                0x000826b4                ADC_Handler
                0x000826b4                SMC_Handler
                0x000826b4                RTT_Handler
                0x000826b4                EFC1_Handler
                0x000826b4                PIOB_Handler
                0x000826b4                UsageFault_Handler
                0x000826b4                TC6_Handler
                0x000826b4                WDT_Handler
                0x000826b4                CAN0_Handler
                0x000826b4                TC4_Handler
                0x000826b4                TC1_Handler
                0x000826b4                HSMCI_Handler
                0x000826b4                TC3_Handler
                0x000826b4                TWI0_Handler
                0x000826b4                PIOA_Handler
                0x000826b4                SSC_Handler
                0x000826b4                EFC0_Handler
                0x000826b4                PMC_Handler
                0x000826b4                PWM_Handler
                0x000826b4                CAN1_Handler
                0x000826b4                MemManage_Handler
                0x000826b4                SUPC_Handler
                0x000826b4                TC8_Handler
                0x000826b4                USART2_Handler
                0x000826b4                PIOD_Handler
                0x000826b4                EMAC_Handler
                0x000826b4                PIOC_Handler
                0x000826b4                BusFault_Handler
                0x000826b4                RSTC_Handler
                0x000826b4                TC0_Handler
                0x000826b4                TC5_Handler
                0x000826b4                SPI0_Handler
 .text.SVC_Handler
                0x000826b6        0x4 C:\Users\Pavel Duniak\AppData\Local\Temp\VMBuilds\MAVlink_pabaigtas\arduino_due_x_dbg\Debug/core.a(cortex_handlers.c.o)
                0x000826b6                SVC_Handler
 .text.PendSV_Handler
                0x000826ba        0x4 C:\Users\Pavel Duniak\AppData\Local\Temp\VMBuilds\MAVlink_pabaigtas\arduino_due_x_dbg\Debug/core.a(cortex_handlers.c.o)
                0x000826ba                PendSV_Handler
 .text.SysTick_Handler
                0x000826be       0x16 C:\Users\Pavel Duniak\AppData\Local\Temp\VMBuilds\MAVlink_pabaigtas\arduino_due_x_dbg\Debug/core.a(cortex_handlers.c.o)
                0x000826be                SysTick_Handler
 .text.__empty  0x000826d4        0x2 C:\Users\Pavel Duniak\AppData\Local\Temp\VMBuilds\MAVlink_pabaigtas\arduino_due_x_dbg\Debug/core.a(hooks.c.o)
                0x000826d4                yield
 .text.__false  0x000826d6        0x4 C:\Users\Pavel Duniak\AppData\Local\Temp\VMBuilds\MAVlink_pabaigtas\arduino_due_x_dbg\Debug/core.a(hooks.c.o)
                0x000826d6                sysTickHook
 .text.__halt   0x000826da        0x2 C:\Users\Pavel Duniak\AppData\Local\Temp\VMBuilds\MAVlink_pabaigtas\arduino_due_x_dbg\Debug/core.a(hooks.c.o)
                0x000826da                svcHook
                0x000826da                pendSVHook
 .text._sbrk    0x000826dc       0x1c C:\Users\Pavel Duniak\AppData\Local\Temp\VMBuilds\MAVlink_pabaigtas\arduino_due_x_dbg\Debug/core.a(syscalls_sam3.c.o)
                0x000826dc                _sbrk
 .text.link     0x000826f8        0x6 C:\Users\Pavel Duniak\AppData\Local\Temp\VMBuilds\MAVlink_pabaigtas\arduino_due_x_dbg\Debug/core.a(syscalls_sam3.c.o)
                0x000826f8                link
 .text._close   0x000826fe        0x6 C:\Users\Pavel Duniak\AppData\Local\Temp\VMBuilds\MAVlink_pabaigtas\arduino_due_x_dbg\Debug/core.a(syscalls_sam3.c.o)
                0x000826fe                _close
 .text._fstat   0x00082704        0xa C:\Users\Pavel Duniak\AppData\Local\Temp\VMBuilds\MAVlink_pabaigtas\arduino_due_x_dbg\Debug/core.a(syscalls_sam3.c.o)
                0x00082704                _fstat
 .text._isatty  0x0008270e        0x4 C:\Users\Pavel Duniak\AppData\Local\Temp\VMBuilds\MAVlink_pabaigtas\arduino_due_x_dbg\Debug/core.a(syscalls_sam3.c.o)
                0x0008270e                _isatty
 .text._lseek   0x00082712        0x4 C:\Users\Pavel Duniak\AppData\Local\Temp\VMBuilds\MAVlink_pabaigtas\arduino_due_x_dbg\Debug/core.a(syscalls_sam3.c.o)
                0x00082712                _lseek
 .text._read    0x00082716        0x4 C:\Users\Pavel Duniak\AppData\Local\Temp\VMBuilds\MAVlink_pabaigtas\arduino_due_x_dbg\Debug/core.a(syscalls_sam3.c.o)
                0x00082716                _read
 *fill*         0x0008271a        0x2 
 .text._write   0x0008271c       0x24 C:\Users\Pavel Duniak\AppData\Local\Temp\VMBuilds\MAVlink_pabaigtas\arduino_due_x_dbg\Debug/core.a(syscalls_sam3.c.o)
                0x0008271c                _write
 .text._exit    0x00082740        0x2 C:\Users\Pavel Duniak\AppData\Local\Temp\VMBuilds\MAVlink_pabaigtas\arduino_due_x_dbg\Debug/core.a(syscalls_sam3.c.o)
                0x00082740                _exit
 .text._kill    0x00082742        0x2 C:\Users\Pavel Duniak\AppData\Local\Temp\VMBuilds\MAVlink_pabaigtas\arduino_due_x_dbg\Debug/core.a(syscalls_sam3.c.o)
                0x00082742                _kill
 .text._getpid  0x00082744        0x6 C:\Users\Pavel Duniak\AppData\Local\Temp\VMBuilds\MAVlink_pabaigtas\arduino_due_x_dbg\Debug/core.a(syscalls_sam3.c.o)
                0x00082744                _getpid
 .text.millis   0x0008274a        0x4 C:\Users\Pavel Duniak\AppData\Local\Temp\VMBuilds\MAVlink_pabaigtas\arduino_due_x_dbg\Debug/core.a(wiring.c.o)
                0x0008274a                millis
 .text.delay    0x0008274e       0x1c C:\Users\Pavel Duniak\AppData\Local\Temp\VMBuilds\MAVlink_pabaigtas\arduino_due_x_dbg\Debug/core.a(wiring.c.o)
                0x0008274e                delay
 .text.analogOutputInit
                0x0008276a        0x2 C:\Users\Pavel Duniak\AppData\Local\Temp\VMBuilds\MAVlink_pabaigtas\arduino_due_x_dbg\Debug/core.a(wiring_analog.c.o)
                0x0008276a                analogOutputInit
 .text.pinMode  0x0008276c      0x108 C:\Users\Pavel Duniak\AppData\Local\Temp\VMBuilds\MAVlink_pabaigtas\arduino_due_x_dbg\Debug/core.a(wiring_digital.c.o)
                0x0008276c                pinMode
 .text.digitalWrite
                0x00082874       0x70 C:\Users\Pavel Duniak\AppData\Local\Temp\VMBuilds\MAVlink_pabaigtas\arduino_due_x_dbg\Debug/core.a(wiring_digital.c.o)
                0x00082874                digitalWrite
 .text.initVariant
                0x000828e4        0x2 C:\Users\Pavel Duniak\AppData\Local\Temp\VMBuilds\MAVlink_pabaigtas\arduino_due_x_dbg\Debug/core.a(main.cpp.o)
                0x000828e4                initVariant
 *fill*         0x000828e6        0x2 
 .text.startup.main
                0x000828e8       0x38 C:\Users\Pavel Duniak\AppData\Local\Temp\VMBuilds\MAVlink_pabaigtas\arduino_due_x_dbg\Debug/core.a(main.cpp.o)
                0x000828e8                main
 .text._ZN5Print5writeEPKhj
                0x00082920       0x22 C:\Users\Pavel Duniak\AppData\Local\Temp\VMBuilds\MAVlink_pabaigtas\arduino_due_x_dbg\Debug/core.a(Print.cpp.o)
                0x00082920                Print::write(unsigned char const*, unsigned int)
 .text._ZN5Print5writeEPKc
                0x00082942       0x1e C:\Users\Pavel Duniak\AppData\Local\Temp\VMBuilds\MAVlink_pabaigtas\arduino_due_x_dbg\Debug/core.a(Print.cpp.o)
                0x00082942                Print::write(char const*)
 .text._ZN5Print5printEPKc
                0x00082960        0x8 C:\Users\Pavel Duniak\AppData\Local\Temp\VMBuilds\MAVlink_pabaigtas\arduino_due_x_dbg\Debug/core.a(Print.cpp.o)
                0x00082960                Print::print(char const*)
 .text._ZN5Print5printEc
                0x00082968        0xa C:\Users\Pavel Duniak\AppData\Local\Temp\VMBuilds\MAVlink_pabaigtas\arduino_due_x_dbg\Debug/core.a(Print.cpp.o)
                0x00082968                Print::print(char)
 *fill*         0x00082972        0x2 
 .text._ZN5Print7printlnEv
                0x00082974       0x10 C:\Users\Pavel Duniak\AppData\Local\Temp\VMBuilds\MAVlink_pabaigtas\arduino_due_x_dbg\Debug/core.a(Print.cpp.o)
                0x00082974                Print::println()
 .text._ZN5Print7printlnEPKc
                0x00082984       0x14 C:\Users\Pavel Duniak\AppData\Local\Temp\VMBuilds\MAVlink_pabaigtas\arduino_due_x_dbg\Debug/core.a(Print.cpp.o)
                0x00082984                Print::println(char const*)
 .text._ZN5Print11printNumberEmh
                0x00082998       0x3e C:\Users\Pavel Duniak\AppData\Local\Temp\VMBuilds\MAVlink_pabaigtas\arduino_due_x_dbg\Debug/core.a(Print.cpp.o)
                0x00082998                Print::printNumber(unsigned long, unsigned char)
 .text._ZN5Print5printEli
                0x000829d6       0x3c C:\Users\Pavel Duniak\AppData\Local\Temp\VMBuilds\MAVlink_pabaigtas\arduino_due_x_dbg\Debug/core.a(Print.cpp.o)
                0x000829d6                Print::print(long, int)
 .text._ZN5Print5printEii
                0x00082a12        0x4 C:\Users\Pavel Duniak\AppData\Local\Temp\VMBuilds\MAVlink_pabaigtas\arduino_due_x_dbg\Debug/core.a(Print.cpp.o)
                0x00082a12                Print::print(int, int)
 .text._ZN5Print7printlnEii
                0x00082a16       0x14 C:\Users\Pavel Duniak\AppData\Local\Temp\VMBuilds\MAVlink_pabaigtas\arduino_due_x_dbg\Debug/core.a(Print.cpp.o)
                0x00082a16                Print::println(int, int)
 .text._ZN5Print7printlnEli
                0x00082a2a       0x14 C:\Users\Pavel Duniak\AppData\Local\Temp\VMBuilds\MAVlink_pabaigtas\arduino_due_x_dbg\Debug/core.a(Print.cpp.o)
                0x00082a2a                Print::println(long, int)
 *fill*         0x00082a3e        0x2 
 .text._ZN5Print10printFloatEdh
                0x00082a40      0x148 C:\Users\Pavel Duniak\AppData\Local\Temp\VMBuilds\MAVlink_pabaigtas\arduino_due_x_dbg\Debug/core.a(Print.cpp.o)
                0x00082a40                Print::printFloat(double, unsigned char)
 .text._ZN5Print5printEdi
                0x00082b88        0xa C:\Users\Pavel Duniak\AppData\Local\Temp\VMBuilds\MAVlink_pabaigtas\arduino_due_x_dbg\Debug/core.a(Print.cpp.o)
                0x00082b88                Print::print(double, int)
 .text._ZN5Print7printlnEdi
                0x00082b92       0x1c C:\Users\Pavel Duniak\AppData\Local\Temp\VMBuilds\MAVlink_pabaigtas\arduino_due_x_dbg\Debug/core.a(Print.cpp.o)
                0x00082b92                Print::println(double, int)
 *fill*         0x00082bae        0x2 
 .text.initiateReset
                0x00082bb0        0xc C:\Users\Pavel Duniak\AppData\Local\Temp\VMBuilds\MAVlink_pabaigtas\arduino_due_x_dbg\Debug/core.a(Reset.cpp.o)
                0x00082bb0                initiateReset
 .text.cancelReset
                0x00082bbc       0x10 C:\Users\Pavel Duniak\AppData\Local\Temp\VMBuilds\MAVlink_pabaigtas\arduino_due_x_dbg\Debug/core.a(Reset.cpp.o)
                0x00082bbc                cancelReset
 .text.tickReset
                0x00082bcc       0x20 C:\Users\Pavel Duniak\AppData\Local\Temp\VMBuilds\MAVlink_pabaigtas\arduino_due_x_dbg\Debug/core.a(Reset.cpp.o)
                0x00082bcc                tickReset
 .text._ZN10RingBufferC2Ev
                0x00082bec       0x1a C:\Users\Pavel Duniak\AppData\Local\Temp\VMBuilds\MAVlink_pabaigtas\arduino_due_x_dbg\Debug/core.a(RingBuffer.cpp.o)
                0x00082bec                RingBuffer::RingBuffer()
                0x00082bec                RingBuffer::RingBuffer()
 .text._ZN10RingBuffer10store_charEh
                0x00082c06       0x1e C:\Users\Pavel Duniak\AppData\Local\Temp\VMBuilds\MAVlink_pabaigtas\arduino_due_x_dbg\Debug/core.a(RingBuffer.cpp.o)
                0x00082c06                RingBuffer::store_char(unsigned char)
 .text._ZN9UARTClasscvbEv
                0x00082c24        0x4 C:\Users\Pavel Duniak\AppData\Local\Temp\VMBuilds\MAVlink_pabaigtas\arduino_due_x_dbg\Debug/core.a(UARTClass.cpp.o)
                0x00082c24                UARTClass::operator bool()
 .text._ZN9UARTClass9availableEv
                0x00082c28       0x12 C:\Users\Pavel Duniak\AppData\Local\Temp\VMBuilds\MAVlink_pabaigtas\arduino_due_x_dbg\Debug/core.a(UARTClass.cpp.o)
                0x00082c28                UARTClass::available()
 .text._ZN9UARTClass4peekEv
                0x00082c3a       0x1c C:\Users\Pavel Duniak\AppData\Local\Temp\VMBuilds\MAVlink_pabaigtas\arduino_due_x_dbg\Debug/core.a(UARTClass.cpp.o)
                0x00082c3a                UARTClass::peek()
 .text._ZN9UARTClass4readEv
                0x00082c56       0x2a C:\Users\Pavel Duniak\AppData\Local\Temp\VMBuilds\MAVlink_pabaigtas\arduino_due_x_dbg\Debug/core.a(UARTClass.cpp.o)
                0x00082c56                UARTClass::read()
 .text._ZN9UARTClass5flushEv
                0x00082c80       0x18 C:\Users\Pavel Duniak\AppData\Local\Temp\VMBuilds\MAVlink_pabaigtas\arduino_due_x_dbg\Debug/core.a(UARTClass.cpp.o)
                0x00082c80                UARTClass::flush()
 .text._ZN9UARTClass5writeEh
                0x00082c98       0x54 C:\Users\Pavel Duniak\AppData\Local\Temp\VMBuilds\MAVlink_pabaigtas\arduino_due_x_dbg\Debug/core.a(UARTClass.cpp.o)
                0x00082c98                UARTClass::write(unsigned char)
 .text._ZN9UARTClass3endEv
                0x00082cec       0x3c C:\Users\Pavel Duniak\AppData\Local\Temp\VMBuilds\MAVlink_pabaigtas\arduino_due_x_dbg\Debug/core.a(UARTClass.cpp.o)
                0x00082cec                UARTClass::end()
 .text._ZN9UARTClassC2EP4Uart4IRQnmP10RingBufferS4_
                0x00082d28       0x24 C:\Users\Pavel Duniak\AppData\Local\Temp\VMBuilds\MAVlink_pabaigtas\arduino_due_x_dbg\Debug/core.a(UARTClass.cpp.o)
                0x00082d28                UARTClass::UARTClass(Uart*, IRQn, unsigned long, RingBuffer*, RingBuffer*)
                0x00082d28                UARTClass::UARTClass(Uart*, IRQn, unsigned long, RingBuffer*, RingBuffer*)
 .text._ZN9UARTClass4initEmm
                0x00082d4c       0x70 C:\Users\Pavel Duniak\AppData\Local\Temp\VMBuilds\MAVlink_pabaigtas\arduino_due_x_dbg\Debug/core.a(UARTClass.cpp.o)
                0x00082d4c                UARTClass::init(unsigned long, unsigned long)
 .text._ZN9UARTClass5beginEm
                0x00082dbc        0x8 C:\Users\Pavel Duniak\AppData\Local\Temp\VMBuilds\MAVlink_pabaigtas\arduino_due_x_dbg\Debug/core.a(UARTClass.cpp.o)
                0x00082dbc                UARTClass::begin(unsigned long)
 .text._ZN9UARTClass10IrqHandlerEv
                0x00082dc4       0x5a C:\Users\Pavel Duniak\AppData\Local\Temp\VMBuilds\MAVlink_pabaigtas\arduino_due_x_dbg\Debug/core.a(UARTClass.cpp.o)
                0x00082dc4                UARTClass::IrqHandler()
 .text._ZN10USARTClass5beginEm
                0x00082e1e        0x8 C:\Users\Pavel Duniak\AppData\Local\Temp\VMBuilds\MAVlink_pabaigtas\arduino_due_x_dbg\Debug/core.a(USARTClass.cpp.o)
                0x00082e1e                USARTClass::begin(unsigned long)
 *fill*         0x00082e26        0x2 
 .text._ZN10USARTClassC2EP5Usart4IRQnmP10RingBufferS4_
                0x00082e28       0x24 C:\Users\Pavel Duniak\AppData\Local\Temp\VMBuilds\MAVlink_pabaigtas\arduino_due_x_dbg\Debug/core.a(USARTClass.cpp.o)
                0x00082e28                USARTClass::USARTClass(Usart*, IRQn, unsigned long, RingBuffer*, RingBuffer*)
                0x00082e28                USARTClass::USARTClass(Usart*, IRQn, unsigned long, RingBuffer*, RingBuffer*)
 .text._watchdogDefaultSetup
                0x00082e4c        0xc C:\Users\Pavel Duniak\AppData\Local\Temp\VMBuilds\MAVlink_pabaigtas\arduino_due_x_dbg\Debug/core.a(watchdog.cpp.o)
                0x00082e4c                _watchdogDefaultSetup
                0x00082e4c                watchdogSetup()
 .text.pulseIn  0x00082e58       0x60 C:\Users\Pavel Duniak\AppData\Local\Temp\VMBuilds\MAVlink_pabaigtas\arduino_due_x_dbg\Debug/core.a(wiring_pulse.cpp.o)
                0x00082e58                pulseIn
 .text.unlikely._ZL11USB_SendZlpv
                0x00082eb8       0x20 C:\Users\Pavel Duniak\AppData\Local\Temp\VMBuilds\MAVlink_pabaigtas\arduino_due_x_dbg\Debug/core.a(USBCore.cpp.o)
 .text._Z14USBD_Availablem
                0x00082ed8       0x2c C:\Users\Pavel Duniak\AppData\Local\Temp\VMBuilds\MAVlink_pabaigtas\arduino_due_x_dbg\Debug/core.a(USBCore.cpp.o)
                0x00082ed8                USBD_Available(unsigned long)
 .text._Z9USBD_RecvmPvm
                0x00082f04       0x7c C:\Users\Pavel Duniak\AppData\Local\Temp\VMBuilds\MAVlink_pabaigtas\arduino_due_x_dbg\Debug/core.a(USBCore.cpp.o)
                0x00082f04                USBD_Recv(unsigned long, void*, unsigned long)
 .text._Z9USBD_Recvm
                0x00082f80       0x22 C:\Users\Pavel Duniak\AppData\Local\Temp\VMBuilds\MAVlink_pabaigtas\arduino_due_x_dbg\Debug/core.a(USBCore.cpp.o)
                0x00082f80                USBD_Recv(unsigned long)
 *fill*         0x00082fa2        0x2 
 .text._Z9USBD_SendmPKvm
                0x00082fa4       0x4c C:\Users\Pavel Duniak\AppData\Local\Temp\VMBuilds\MAVlink_pabaigtas\arduino_due_x_dbg\Debug/core.a(USBCore.cpp.o)
                0x00082fa4                USBD_Send(unsigned long, void const*, unsigned long)
 .text._Z16USBD_SendControlhPKvm
                0x00082ff0       0x40 C:\Users\Pavel Duniak\AppData\Local\Temp\VMBuilds\MAVlink_pabaigtas\arduino_due_x_dbg\Debug/core.a(USBCore.cpp.o)
                0x00082ff0                USBD_SendControl(unsigned char, void const*, unsigned long)
 .text.unlikely._ZL24USB_SendStringDescriptorPKhi
                0x00083030       0x64 C:\Users\Pavel Duniak\AppData\Local\Temp\VMBuilds\MAVlink_pabaigtas\arduino_due_x_dbg\Debug/core.a(USBCore.cpp.o)
 .text._Z16USBD_RecvControlPvm
                0x00083094       0x1c C:\Users\Pavel Duniak\AppData\Local\Temp\VMBuilds\MAVlink_pabaigtas\arduino_due_x_dbg\Debug/core.a(USBCore.cpp.o)
                0x00083094                USBD_RecvControl(void*, unsigned long)
 .text._Z26USBD_ClassInterfaceRequestR8USBSetup
                0x000830b0       0x1e C:\Users\Pavel Duniak\AppData\Local\Temp\VMBuilds\MAVlink_pabaigtas\arduino_due_x_dbg\Debug/core.a(USBCore.cpp.o)
                0x000830b0                USBD_ClassInterfaceRequest(USBSetup&)
 .text._Z19USBD_SendInterfacesv
                0x000830ce       0x22 C:\Users\Pavel Duniak\AppData\Local\Temp\VMBuilds\MAVlink_pabaigtas\arduino_due_x_dbg\Debug/core.a(USBCore.cpp.o)
                0x000830ce                USBD_SendInterfaces()
 .text._Z24USBD_SendOtherInterfacesv
                0x000830f0       0x22 C:\Users\Pavel Duniak\AppData\Local\Temp\VMBuilds\MAVlink_pabaigtas\arduino_due_x_dbg\Debug/core.a(USBCore.cpp.o)
                0x000830f0                USBD_SendOtherInterfaces()
 .text._Z10USBD_Flushm
                0x00083112       0x16 C:\Users\Pavel Duniak\AppData\Local\Temp\VMBuilds\MAVlink_pabaigtas\arduino_due_x_dbg\Debug/core.a(USBCore.cpp.o)
                0x00083112                USBD_Flush(unsigned long)
 .text._ZN10USBDevice_C2Ev
                0x00083128       0x24 C:\Users\Pavel Duniak\AppData\Local\Temp\VMBuilds\MAVlink_pabaigtas\arduino_due_x_dbg\Debug/core.a(USBCore.cpp.o)
                0x00083128                USBDevice_::USBDevice_()
                0x00083128                USBDevice_::USBDevice_()
 .text._ZN10USBDevice_6attachEv
                0x0008314c       0x20 C:\Users\Pavel Duniak\AppData\Local\Temp\VMBuilds\MAVlink_pabaigtas\arduino_due_x_dbg\Debug/core.a(USBCore.cpp.o)
                0x0008314c                USBDevice_::attach()
 .text.startup._GLOBAL__sub_I_EndPoints
                0x0008316c        0xc C:\Users\Pavel Duniak\AppData\Local\Temp\VMBuilds\MAVlink_pabaigtas\arduino_due_x_dbg\Debug/core.a(USBCore.cpp.o)
 .text._ZL7USB_ISRv
                0x00083178      0x454 C:\Users\Pavel Duniak\AppData\Local\Temp\VMBuilds\MAVlink_pabaigtas\arduino_due_x_dbg\Debug/core.a(USBCore.cpp.o)
 .text.countPulseASM
                0x000835cc       0x44 C:\Users\Pavel Duniak\AppData\Local\Temp\VMBuilds\MAVlink_pabaigtas\arduino_due_x_dbg\Debug/core.a(wiring_pulse_asm.S.o)
                0x000835cc                countPulseASM
 .text._ZN7Serial_9availableEv
                0x00083610       0x18 C:\Users\Pavel Duniak\AppData\Local\Temp\VMBuilds\MAVlink_pabaigtas\arduino_due_x_dbg\Debug/core.a(CDC.cpp.o)
                0x00083610                Serial_::available()
 .text._ZN7Serial_17availableForWriteEv
                0x00083628        0x6 C:\Users\Pavel Duniak\AppData\Local\Temp\VMBuilds\MAVlink_pabaigtas\arduino_due_x_dbg\Debug/core.a(CDC.cpp.o)
                0x00083628                Serial_::availableForWrite()
 *fill*         0x0008362e        0x2 
 .text._ZN7Serial_4peekEv
                0x00083630       0x20 C:\Users\Pavel Duniak\AppData\Local\Temp\VMBuilds\MAVlink_pabaigtas\arduino_due_x_dbg\Debug/core.a(CDC.cpp.o)
                0x00083630                Serial_::peek()
 .text._ZN7Serial_5writeEh
                0x00083650       0x16 C:\Users\Pavel Duniak\AppData\Local\Temp\VMBuilds\MAVlink_pabaigtas\arduino_due_x_dbg\Debug/core.a(CDC.cpp.o)
                0x00083650                Serial_::write(unsigned char)
 *fill*         0x00083666        0x2 
 .text._ZN7Serial_4readEv
                0x00083668       0x44 C:\Users\Pavel Duniak\AppData\Local\Temp\VMBuilds\MAVlink_pabaigtas\arduino_due_x_dbg\Debug/core.a(CDC.cpp.o)
                0x00083668                Serial_::read()
 .text._ZN7Serial_5flushEv
                0x000836ac        0x6 C:\Users\Pavel Duniak\AppData\Local\Temp\VMBuilds\MAVlink_pabaigtas\arduino_due_x_dbg\Debug/core.a(CDC.cpp.o)
                0x000836ac                Serial_::flush()
 *fill*         0x000836b2        0x2 
 .text._ZN7Serial_6acceptEv
                0x000836b4       0x70 C:\Users\Pavel Duniak\AppData\Local\Temp\VMBuilds\MAVlink_pabaigtas\arduino_due_x_dbg\Debug/core.a(CDC.cpp.o)
                0x000836b4                Serial_::accept()
 .text._ZN7Serial_5writeEPKhj
                0x00083724       0x2c C:\Users\Pavel Duniak\AppData\Local\Temp\VMBuilds\MAVlink_pabaigtas\arduino_due_x_dbg\Debug/core.a(CDC.cpp.o)
                0x00083724                Serial_::write(unsigned char const*, unsigned int)
 .text._Z16CDC_GetInterfacePh
                0x00083750       0x14 C:\Users\Pavel Duniak\AppData\Local\Temp\VMBuilds\MAVlink_pabaigtas\arduino_due_x_dbg\Debug/core.a(CDC.cpp.o)
                0x00083750                CDC_GetInterface(unsigned char*)
 .text._Z21CDC_GetOtherInterfacePh
                0x00083764       0x14 C:\Users\Pavel Duniak\AppData\Local\Temp\VMBuilds\MAVlink_pabaigtas\arduino_due_x_dbg\Debug/core.a(CDC.cpp.o)
                0x00083764                CDC_GetOtherInterface(unsigned char*)
 .text._Z9CDC_SetupR8USBSetup
                0x00083778       0x78 C:\Users\Pavel Duniak\AppData\Local\Temp\VMBuilds\MAVlink_pabaigtas\arduino_due_x_dbg\Debug/core.a(CDC.cpp.o)
                0x00083778                CDC_Setup(USBSetup&)
 .text.startup._GLOBAL__sub_I_cdc_rx_buffer
                0x000837f0       0x1c C:\Users\Pavel Duniak\AppData\Local\Temp\VMBuilds\MAVlink_pabaigtas\arduino_due_x_dbg\Debug/core.a(CDC.cpp.o)
 .text._ZN13PluggableUSB_12getInterfaceEPh
                0x0008380c       0x28 C:\Users\Pavel Duniak\AppData\Local\Temp\VMBuilds\MAVlink_pabaigtas\arduino_due_x_dbg\Debug/core.a(PluggableUSB.cpp.o)
                0x0008380c                PluggableUSB_::getInterface(unsigned char*)
 .text._ZN13PluggableUSB_13getDescriptorER8USBSetup
                0x00083834       0x1c C:\Users\Pavel Duniak\AppData\Local\Temp\VMBuilds\MAVlink_pabaigtas\arduino_due_x_dbg\Debug/core.a(PluggableUSB.cpp.o)
                0x00083834                PluggableUSB_::getDescriptor(USBSetup&)
 .text._ZN13PluggableUSB_12getShortNameEPc
                0x00083850       0x1c C:\Users\Pavel Duniak\AppData\Local\Temp\VMBuilds\MAVlink_pabaigtas\arduino_due_x_dbg\Debug/core.a(PluggableUSB.cpp.o)
                0x00083850                PluggableUSB_::getShortName(char*)
 .text._ZN13PluggableUSB_5setupER8USBSetup
                0x0008386c       0x20 C:\Users\Pavel Duniak\AppData\Local\Temp\VMBuilds\MAVlink_pabaigtas\arduino_due_x_dbg\Debug/core.a(PluggableUSB.cpp.o)
                0x0008386c                PluggableUSB_::setup(USBSetup&)
 .text._Z12PluggableUSBv
                0x0008388c       0x28 C:\Users\Pavel Duniak\AppData\Local\Temp\VMBuilds\MAVlink_pabaigtas\arduino_due_x_dbg\Debug/core.a(PluggableUSB.cpp.o)
                0x0008388c                PluggableUSB()
 .text.TimeTick_Increment
                0x000838b4       0x10 C:\Users\Pavel Duniak\Downloads\Arduino IDE\hardware\packages\arduino\hardware\sam\1.6.12\variants\arduino_due_x/libsam_sam3x8e_gcc_rel.a(timetick.o)
                0x000838b4                TimeTick_Increment
 .text.GetTickCount
                0x000838c4        0xc C:\Users\Pavel Duniak\Downloads\Arduino IDE\hardware\packages\arduino\hardware\sam\1.6.12\variants\arduino_due_x/libsam_sam3x8e_gcc_rel.a(timetick.o)
                0x000838c4                GetTickCount
 .text.WDT_Disable
                0x000838d0        0x8 C:\Users\Pavel Duniak\Downloads\Arduino IDE\hardware\packages\arduino\hardware\sam\1.6.12\variants\arduino_due_x/libsam_sam3x8e_gcc_rel.a(wdt.o)
                0x000838d0                WDT_Disable
 .text.UDD_SetStack
                0x000838d8        0xc C:\Users\Pavel Duniak\Downloads\Arduino IDE\hardware\packages\arduino\hardware\sam\1.6.12\variants\arduino_due_x/libsam_sam3x8e_gcc_rel.a(uotghs_device.o)
                0x000838d8                UDD_SetStack
 .text.UDD_Init
                0x000838e4       0xd0 C:\Users\Pavel Duniak\Downloads\Arduino IDE\hardware\packages\arduino\hardware\sam\1.6.12\variants\arduino_due_x/libsam_sam3x8e_gcc_rel.a(uotghs_device.o)
                0x000838e4                UDD_Init
 .text.UDD_Attach
                0x000839b4       0x50 C:\Users\Pavel Duniak\Downloads\Arduino IDE\hardware\packages\arduino\hardware\sam\1.6.12\variants\arduino_due_x/libsam_sam3x8e_gcc_rel.a(uotghs_device.o)
                0x000839b4                UDD_Attach
 .text.UDD_InitEP
                0x00083a04       0x2c C:\Users\Pavel Duniak\Downloads\Arduino IDE\hardware\packages\arduino\hardware\sam\1.6.12\variants\arduino_due_x/libsam_sam3x8e_gcc_rel.a(uotghs_device.o)
                0x00083a04                UDD_InitEP
 .text.UDD_InitEndpoints
                0x00083a30       0x3c C:\Users\Pavel Duniak\Downloads\Arduino IDE\hardware\packages\arduino\hardware\sam\1.6.12\variants\arduino_due_x/libsam_sam3x8e_gcc_rel.a(uotghs_device.o)
                0x00083a30                UDD_InitEndpoints
 .text.UDD_WaitIN
                0x00083a6c       0x10 C:\Users\Pavel Duniak\Downloads\Arduino IDE\hardware\packages\arduino\hardware\sam\1.6.12\variants\arduino_due_x/libsam_sam3x8e_gcc_rel.a(uotghs_device.o)
                0x00083a6c                UDD_WaitIN
 .text.UDD_WaitOUT
                0x00083a7c       0x10 C:\Users\Pavel Duniak\Downloads\Arduino IDE\hardware\packages\arduino\hardware\sam\1.6.12\variants\arduino_due_x/libsam_sam3x8e_gcc_rel.a(uotghs_device.o)
                0x00083a7c                UDD_WaitOUT
 .text.UDD_ClearIN
                0x00083a8c       0x18 C:\Users\Pavel Duniak\Downloads\Arduino IDE\hardware\packages\arduino\hardware\sam\1.6.12\variants\arduino_due_x/libsam_sam3x8e_gcc_rel.a(uotghs_device.o)
                0x00083a8c                UDD_ClearIN
 .text.UDD_ClearOUT
                0x00083aa4       0x18 C:\Users\Pavel Duniak\Downloads\Arduino IDE\hardware\packages\arduino\hardware\sam\1.6.12\variants\arduino_due_x/libsam_sam3x8e_gcc_rel.a(uotghs_device.o)
                0x00083aa4                UDD_ClearOUT
 .text.UDD_ReceivedSetupInt
                0x00083abc       0x10 C:\Users\Pavel Duniak\Downloads\Arduino IDE\hardware\packages\arduino\hardware\sam\1.6.12\variants\arduino_due_x/libsam_sam3x8e_gcc_rel.a(uotghs_device.o)
                0x00083abc                UDD_ReceivedSetupInt
 .text.UDD_ClearSetupInt
                0x00083acc       0x10 C:\Users\Pavel Duniak\Downloads\Arduino IDE\hardware\packages\arduino\hardware\sam\1.6.12\variants\arduino_due_x/libsam_sam3x8e_gcc_rel.a(uotghs_device.o)
                0x00083acc                UDD_ClearSetupInt
 .text.UDD_Send
                0x00083adc       0x88 C:\Users\Pavel Duniak\Downloads\Arduino IDE\hardware\packages\arduino\hardware\sam\1.6.12\variants\arduino_due_x/libsam_sam3x8e_gcc_rel.a(uotghs_device.o)
                0x00083adc                UDD_Send
 .text.UDD_Send8
                0x00083b64       0x24 C:\Users\Pavel Duniak\Downloads\Arduino IDE\hardware\packages\arduino\hardware\sam\1.6.12\variants\arduino_due_x/libsam_sam3x8e_gcc_rel.a(uotghs_device.o)
                0x00083b64                UDD_Send8
 .text.UDD_Recv8
                0x00083b88       0x28 C:\Users\Pavel Duniak\Downloads\Arduino IDE\hardware\packages\arduino\hardware\sam\1.6.12\variants\arduino_due_x/libsam_sam3x8e_gcc_rel.a(uotghs_device.o)
                0x00083b88                UDD_Recv8
 .text.UDD_Recv
                0x00083bb0       0x34 C:\Users\Pavel Duniak\Downloads\Arduino IDE\hardware\packages\arduino\hardware\sam\1.6.12\variants\arduino_due_x/libsam_sam3x8e_gcc_rel.a(uotghs_device.o)
                0x00083bb0                UDD_Recv
 .text.UDD_Stall
                0x00083be4       0x14 C:\Users\Pavel Duniak\Downloads\Arduino IDE\hardware\packages\arduino\hardware\sam\1.6.12\variants\arduino_due_x/libsam_sam3x8e_gcc_rel.a(uotghs_device.o)
                0x00083be4                UDD_Stall
 .text.UDD_FifoByteCount
                0x00083bf8       0x14 C:\Users\Pavel Duniak\Downloads\Arduino IDE\hardware\packages\arduino\hardware\sam\1.6.12\variants\arduino_due_x/libsam_sam3x8e_gcc_rel.a(uotghs_device.o)
                0x00083bf8                UDD_FifoByteCount
 .text.UDD_ReleaseRX
                0x00083c0c       0x28 C:\Users\Pavel Duniak\Downloads\Arduino IDE\hardware\packages\arduino\hardware\sam\1.6.12\variants\arduino_due_x/libsam_sam3x8e_gcc_rel.a(uotghs_device.o)
                0x00083c0c                UDD_ReleaseRX
 .text.UDD_ReleaseTX
                0x00083c34       0x28 C:\Users\Pavel Duniak\Downloads\Arduino IDE\hardware\packages\arduino\hardware\sam\1.6.12\variants\arduino_due_x/libsam_sam3x8e_gcc_rel.a(uotghs_device.o)
                0x00083c34                UDD_ReleaseTX
 .text.UDD_SetAddress
                0x00083c5c       0x20 C:\Users\Pavel Duniak\Downloads\Arduino IDE\hardware\packages\arduino\hardware\sam\1.6.12\variants\arduino_due_x/libsam_sam3x8e_gcc_rel.a(uotghs_device.o)
                0x00083c5c                UDD_SetAddress
 .text.__fpclassifyd
                0x00083c7c       0x50 c:/users/pavel duniak/downloads/arduino ide/hardware/packages/arduino/tools/arm-none-eabi-gcc/4.8.3-2014q1/bin/../lib/gcc/arm-none-eabi/4.8.3/../../../../arm-none-eabi/lib/armv7-m\libm.a(lib_a-s_fpclassify.o)
                0x00083c7c                __fpclassifyd
 .text          0x00083ccc      0x370 c:/users/pavel duniak/downloads/arduino ide/hardware/packages/arduino/tools/arm-none-eabi-gcc/4.8.3-2014q1/bin/../lib/gcc/arm-none-eabi/4.8.3/armv7-m\libgcc.a(_arm_addsubdf3.o)
                0x00083ccc                __aeabi_drsub
                0x00083cd4                __aeabi_dsub
                0x00083cd4                __subdf3
                0x00083cd8                __aeabi_dadd
                0x00083cd8                __adddf3
                0x00083f50                __floatunsidf
                0x00083f50                __aeabi_ui2d
                0x00083f70                __floatsidf
                0x00083f70                __aeabi_i2d
                0x00083f94                __aeabi_f2d
                0x00083f94                __extendsfdf2
                0x00083fd0                __floatundidf
                0x00083fd0                __aeabi_ul2d
                0x00083fe0                __floatdidf
                0x00083fe0                __aeabi_l2d
 .text          0x0008403c      0x424 c:/users/pavel duniak/downloads/arduino ide/hardware/packages/arduino/tools/arm-none-eabi-gcc/4.8.3-2014q1/bin/../lib/gcc/arm-none-eabi/4.8.3/armv7-m\libgcc.a(_arm_muldivdf3.o)
                0x0008403c                __aeabi_dmul
                0x0008403c                __muldf3
                0x00084290                __divdf3
                0x00084290                __aeabi_ddiv
 .text          0x00084460      0x110 c:/users/pavel duniak/downloads/arduino ide/hardware/packages/arduino/tools/arm-none-eabi-gcc/4.8.3-2014q1/bin/../lib/gcc/arm-none-eabi/4.8.3/armv7-m\libgcc.a(_arm_cmpdf2.o)
                0x00084460                __gtdf2
                0x00084460                __gedf2
                0x00084468                __ltdf2
                0x00084468                __ledf2
                0x00084470                __nedf2
                0x00084470                __eqdf2
                0x00084470                __cmpdf2
                0x000844ec                __aeabi_cdrcmple
                0x000844fc                __aeabi_cdcmpeq
                0x000844fc                __aeabi_cdcmple
                0x0008450c                __aeabi_dcmpeq
                0x00084520                __aeabi_dcmplt
                0x00084534                __aeabi_dcmple
                0x00084548                __aeabi_dcmpge
                0x0008455c                __aeabi_dcmpgt
 .text          0x00084570       0x40 c:/users/pavel duniak/downloads/arduino ide/hardware/packages/arduino/tools/arm-none-eabi-gcc/4.8.3-2014q1/bin/../lib/gcc/arm-none-eabi/4.8.3/armv7-m\libgcc.a(_arm_fixunsdfsi.o)
                0x00084570                __aeabi_d2uiz
                0x00084570                __fixunsdfsi
 .text.__assert_func
                0x000845b0       0x3c c:/users/pavel duniak/downloads/arduino ide/hardware/packages/arduino/tools/arm-none-eabi-gcc/4.8.3-2014q1/bin/../lib/gcc/arm-none-eabi/4.8.3/../../../../arm-none-eabi/lib/armv7-m\libc.a(lib_a-assert.o)
                0x000845b0                __assert_func
 .text.fiprintf
                0x000845ec       0x28 c:/users/pavel duniak/downloads/arduino ide/hardware/packages/arduino/tools/arm-none-eabi-gcc/4.8.3-2014q1/bin/../lib/gcc/arm-none-eabi/4.8.3/../../../../arm-none-eabi/lib/armv7-m\libc.a(lib_a-fiprintf.o)
                0x000845ec                fiprintf
 .text.__libc_init_array
                0x00084614       0x50 c:/users/pavel duniak/downloads/arduino ide/hardware/packages/arduino/tools/arm-none-eabi-gcc/4.8.3-2014q1/bin/../lib/gcc/arm-none-eabi/4.8.3/../../../../arm-none-eabi/lib/armv7-m\libc.a(lib_a-init.o)
                0x00084614                __libc_init_array
 .text.malloc   0x00084664       0x10 c:/users/pavel duniak/downloads/arduino ide/hardware/packages/arduino/tools/arm-none-eabi-gcc/4.8.3-2014q1/bin/../lib/gcc/arm-none-eabi/4.8.3/../../../../arm-none-eabi/lib/armv7-m\libc.a(lib_a-malloc.o)
                0x00084664                malloc
 .text.free     0x00084674       0x10 c:/users/pavel duniak/downloads/arduino ide/hardware/packages/arduino/tools/arm-none-eabi-gcc/4.8.3-2014q1/bin/../lib/gcc/arm-none-eabi/4.8.3/../../../../arm-none-eabi/lib/armv7-m\libc.a(lib_a-malloc.o)
                0x00084674                free
 .text._malloc_r
                0x00084684      0x538 c:/users/pavel duniak/downloads/arduino ide/hardware/packages/arduino/tools/arm-none-eabi-gcc/4.8.3-2014q1/bin/../lib/gcc/arm-none-eabi/4.8.3/../../../../arm-none-eabi/lib/armv7-m\libc.a(lib_a-mallocr.o)
                0x00084684                _malloc_r
 .text.memcmp   0x00084bbc       0x68 c:/users/pavel duniak/downloads/arduino ide/hardware/packages/arduino/tools/arm-none-eabi-gcc/4.8.3-2014q1/bin/../lib/gcc/arm-none-eabi/4.8.3/../../../../arm-none-eabi/lib/armv7-m\libc.a(lib_a-memcmp.o)
                0x00084bbc                memcmp
 .text          0x00084c24       0xec c:/users/pavel duniak/downloads/arduino ide/hardware/packages/arduino/tools/arm-none-eabi-gcc/4.8.3-2014q1/bin/../lib/gcc/arm-none-eabi/4.8.3/../../../../arm-none-eabi/lib/armv7-m\libc.a(lib_a-memcpy.o)
                0x00084c24                memcpy
 .text.memset   0x00084d10       0x94 c:/users/pavel duniak/downloads/arduino ide/hardware/packages/arduino/tools/arm-none-eabi-gcc/4.8.3-2014q1/bin/../lib/gcc/arm-none-eabi/4.8.3/../../../../arm-none-eabi/lib/armv7-m\libc.a(lib_a-memset.o)
                0x00084d10                memset
 .text.__malloc_lock
                0x00084da4        0x4 c:/users/pavel duniak/downloads/arduino ide/hardware/packages/arduino/tools/arm-none-eabi-gcc/4.8.3-2014q1/bin/../lib/gcc/arm-none-eabi/4.8.3/../../../../arm-none-eabi/lib/armv7-m\libc.a(lib_a-mlock.o)
                0x00084da4                __malloc_lock
 .text.__malloc_unlock
                0x00084da8        0x4 c:/users/pavel duniak/downloads/arduino ide/hardware/packages/arduino/tools/arm-none-eabi-gcc/4.8.3-2014q1/bin/../lib/gcc/arm-none-eabi/4.8.3/../../../../arm-none-eabi/lib/armv7-m\libc.a(lib_a-mlock.o)
                0x00084da8                __malloc_unlock
 .text._sbrk_r  0x00084dac       0x24 c:/users/pavel duniak/downloads/arduino ide/hardware/packages/arduino/tools/arm-none-eabi-gcc/4.8.3-2014q1/bin/../lib/gcc/arm-none-eabi/4.8.3/../../../../arm-none-eabi/lib/armv7-m\libc.a(lib_a-sbrkr.o)
                0x00084dac                _sbrk_r
 .text.strchr   0x00084dd0       0xf4 c:/users/pavel duniak/downloads/arduino ide/hardware/packages/arduino/tools/arm-none-eabi-gcc/4.8.3-2014q1/bin/../lib/gcc/arm-none-eabi/4.8.3/../../../../arm-none-eabi/lib/armv7-m\libc.a(lib_a-strchr.o)
                0x00084dd0                strchr
 .text.strlen   0x00084ec4       0x60 c:/users/pavel duniak/downloads/arduino ide/hardware/packages/arduino/tools/arm-none-eabi-gcc/4.8.3-2014q1/bin/../lib/gcc/arm-none-eabi/4.8.3/../../../../arm-none-eabi/lib/armv7-m\libc.a(lib_a-strlen.o)
                0x00084ec4                strlen
 .text.strncpy  0x00084f24       0x64 c:/users/pavel duniak/downloads/arduino ide/hardware/packages/arduino/tools/arm-none-eabi-gcc/4.8.3-2014q1/bin/../lib/gcc/arm-none-eabi/4.8.3/../../../../arm-none-eabi/lib/armv7-m\libc.a(lib_a-strncpy.o)
                0x00084f24                strncpy
 .text.kill     0x00084f88       0x10 c:/users/pavel duniak/downloads/arduino ide/hardware/packages/arduino/tools/arm-none-eabi-gcc/4.8.3-2014q1/bin/../lib/gcc/arm-none-eabi/4.8.3/../../../../arm-none-eabi/lib/armv7-m\libc.a(lib_a-syskill.o)
                0x00084f88                kill
 .text.__sprint_r.part.0
                0x00084f98       0x78 c:/users/pavel duniak/downloads/arduino ide/hardware/packages/arduino/tools/arm-none-eabi-gcc/4.8.3-2014q1/bin/../lib/gcc/arm-none-eabi/4.8.3/../../../../arm-none-eabi/lib/armv7-m\libc.a(lib_a-vfiprintf.o)
 .text._vfiprintf_r
                0x00085010      0xc54 c:/users/pavel duniak/downloads/arduino ide/hardware/packages/arduino/tools/arm-none-eabi-gcc/4.8.3-2014q1/bin/../lib/gcc/arm-none-eabi/4.8.3/../../../../arm-none-eabi/lib/armv7-m\libc.a(lib_a-vfiprintf.o)
                0x00085010                _vfiprintf_r
 .text.__sbprintf
                0x00085c64       0x7c c:/users/pavel duniak/downloads/arduino ide/hardware/packages/arduino/tools/arm-none-eabi-gcc/4.8.3-2014q1/bin/../lib/gcc/arm-none-eabi/4.8.3/../../../../arm-none-eabi/lib/armv7-m\libc.a(lib_a-vfiprintf.o)
 .text.__swsetup_r
                0x00085ce0       0xc4 c:/users/pavel duniak/downloads/arduino ide/hardware/packages/arduino/tools/arm-none-eabi-gcc/4.8.3-2014q1/bin/../lib/gcc/arm-none-eabi/4.8.3/../../../../arm-none-eabi/lib/armv7-m\libc.a(lib_a-wsetup.o)
                0x00085ce0                __swsetup_r
 .text.startup.register_fini
                0x00085da4       0x14 c:/users/pavel duniak/downloads/arduino ide/hardware/packages/arduino/tools/arm-none-eabi-gcc/4.8.3-2014q1/bin/../lib/gcc/arm-none-eabi/4.8.3/../../../../arm-none-eabi/lib/armv7-m\libc.a(lib_a-__call_atexit.o)
 .text.abort    0x00085db8       0x10 c:/users/pavel duniak/downloads/arduino ide/hardware/packages/arduino/tools/arm-none-eabi-gcc/4.8.3-2014q1/bin/../lib/gcc/arm-none-eabi/4.8.3/../../../../arm-none-eabi/lib/armv7-m\libc.a(lib_a-abort.o)
                0x00085db8                abort
 .text.atexit   0x00085dc8        0xc c:/users/pavel duniak/downloads/arduino ide/hardware/packages/arduino/tools/arm-none-eabi-gcc/4.8.3-2014q1/bin/../lib/gcc/arm-none-eabi/4.8.3/../../../../arm-none-eabi/lib/armv7-m\libc.a(lib_a-atexit.o)
                0x00085dc8                atexit
 .text.__sflush_r
                0x00085dd4      0x148 c:/users/pavel duniak/downloads/arduino ide/hardware/packages/arduino/tools/arm-none-eabi-gcc/4.8.3-2014q1/bin/../lib/gcc/arm-none-eabi/4.8.3/../../../../arm-none-eabi/lib/armv7-m\libc.a(lib_a-fflush.o)
                0x00085dd4                __sflush_r
 .text._fflush_r
                0x00085f1c       0x2c c:/users/pavel duniak/downloads/arduino ide/hardware/packages/arduino/tools/arm-none-eabi-gcc/4.8.3-2014q1/bin/../lib/gcc/arm-none-eabi/4.8.3/../../../../arm-none-eabi/lib/armv7-m\libc.a(lib_a-fflush.o)
                0x00085f1c                _fflush_r
 .text._cleanup_r
                0x00085f48        0xc c:/users/pavel duniak/downloads/arduino ide/hardware/packages/arduino/tools/arm-none-eabi-gcc/4.8.3-2014q1/bin/../lib/gcc/arm-none-eabi/4.8.3/../../../../arm-none-eabi/lib/armv7-m\libc.a(lib_a-findfp.o)
                0x00085f48                _cleanup_r
 .text.__sinit  0x00085f54       0xf4 c:/users/pavel duniak/downloads/arduino ide/hardware/packages/arduino/tools/arm-none-eabi-gcc/4.8.3-2014q1/bin/../lib/gcc/arm-none-eabi/4.8.3/../../../../arm-none-eabi/lib/armv7-m\libc.a(lib_a-findfp.o)
                0x00085f54                __sinit
 .text.__sfp_lock_acquire
                0x00086048        0x4 c:/users/pavel duniak/downloads/arduino ide/hardware/packages/arduino/tools/arm-none-eabi-gcc/4.8.3-2014q1/bin/../lib/gcc/arm-none-eabi/4.8.3/../../../../arm-none-eabi/lib/armv7-m\libc.a(lib_a-findfp.o)
                0x00086048                __sfp_lock_acquire
 .text.__sfp_lock_release
                0x0008604c        0x4 c:/users/pavel duniak/downloads/arduino ide/hardware/packages/arduino/tools/arm-none-eabi-gcc/4.8.3-2014q1/bin/../lib/gcc/arm-none-eabi/4.8.3/../../../../arm-none-eabi/lib/armv7-m\libc.a(lib_a-findfp.o)
                0x0008604c                __sfp_lock_release
 .text.__libc_fini_array
                0x00086050       0x30 c:/users/pavel duniak/downloads/arduino ide/hardware/packages/arduino/tools/arm-none-eabi-gcc/4.8.3-2014q1/bin/../lib/gcc/arm-none-eabi/4.8.3/../../../../arm-none-eabi/lib/armv7-m\libc.a(lib_a-fini.o)
                0x00086050                __libc_fini_array
 .text._fputwc_r
                0x00086080       0xc0 c:/users/pavel duniak/downloads/arduino ide/hardware/packages/arduino/tools/arm-none-eabi-gcc/4.8.3-2014q1/bin/../lib/gcc/arm-none-eabi/4.8.3/../../../../arm-none-eabi/lib/armv7-m\libc.a(lib_a-fputwc.o)
                0x00086080                _fputwc_r
 .text._malloc_trim_r
                0x00086140       0x9c c:/users/pavel duniak/downloads/arduino ide/hardware/packages/arduino/tools/arm-none-eabi-gcc/4.8.3-2014q1/bin/../lib/gcc/arm-none-eabi/4.8.3/../../../../arm-none-eabi/lib/armv7-m\libc.a(lib_a-freer.o)
                0x00086140                _malloc_trim_r
 .text._free_r  0x000861dc      0x198 c:/users/pavel duniak/downloads/arduino ide/hardware/packages/arduino/tools/arm-none-eabi-gcc/4.8.3-2014q1/bin/../lib/gcc/arm-none-eabi/4.8.3/../../../../arm-none-eabi/lib/armv7-m\libc.a(lib_a-freer.o)
                0x000861dc                _free_r
 .text.__sfvwrite_r
                0x00086374      0x314 c:/users/pavel duniak/downloads/arduino ide/hardware/packages/arduino/tools/arm-none-eabi-gcc/4.8.3-2014q1/bin/../lib/gcc/arm-none-eabi/4.8.3/../../../../arm-none-eabi/lib/armv7-m\libc.a(lib_a-fvwrite.o)
                0x00086374                __sfvwrite_r
 .text._fwalk   0x00086688       0x48 c:/users/pavel duniak/downloads/arduino ide/hardware/packages/arduino/tools/arm-none-eabi-gcc/4.8.3-2014q1/bin/../lib/gcc/arm-none-eabi/4.8.3/../../../../arm-none-eabi/lib/armv7-m\libc.a(lib_a-fwalk.o)
                0x00086688                _fwalk
 .text.__locale_charset
                0x000866d0        0x8 c:/users/pavel duniak/downloads/arduino ide/hardware/packages/arduino/tools/arm-none-eabi-gcc/4.8.3-2014q1/bin/../lib/gcc/arm-none-eabi/4.8.3/../../../../arm-none-eabi/lib/armv7-m\libc.a(lib_a-locale.o)
                0x000866d0                __locale_charset
 .text.__locale_mb_cur_max
                0x000866d8        0xc c:/users/pavel duniak/downloads/arduino ide/hardware/packages/arduino/tools/arm-none-eabi-gcc/4.8.3-2014q1/bin/../lib/gcc/arm-none-eabi/4.8.3/../../../../arm-none-eabi/lib/armv7-m\libc.a(lib_a-locale.o)
                0x000866d8                __locale_mb_cur_max
 .text.__smakebuf_r
                0x000866e4       0xe0 c:/users/pavel duniak/downloads/arduino ide/hardware/packages/arduino/tools/arm-none-eabi-gcc/4.8.3-2014q1/bin/../lib/gcc/arm-none-eabi/4.8.3/../../../../arm-none-eabi/lib/armv7-m\libc.a(lib_a-makebuf.o)
                0x000866e4                __smakebuf_r
 .text.memchr   0x000867c4       0x94 c:/users/pavel duniak/downloads/arduino ide/hardware/packages/arduino/tools/arm-none-eabi-gcc/4.8.3-2014q1/bin/../lib/gcc/arm-none-eabi/4.8.3/../../../../arm-none-eabi/lib/armv7-m\libc.a(lib_a-memchr-stub.o)
                0x000867c4                memchr
 .text.memmove  0x00086858       0xcc c:/users/pavel duniak/downloads/arduino ide/hardware/packages/arduino/tools/arm-none-eabi-gcc/4.8.3-2014q1/bin/../lib/gcc/arm-none-eabi/4.8.3/../../../../arm-none-eabi/lib/armv7-m\libc.a(lib_a-memmove.o)
                0x00086858                memmove
 .text._realloc_r
                0x00086924      0x3c0 c:/users/pavel duniak/downloads/arduino ide/hardware/packages/arduino/tools/arm-none-eabi-gcc/4.8.3-2014q1/bin/../lib/gcc/arm-none-eabi/4.8.3/../../../../arm-none-eabi/lib/armv7-m\libc.a(lib_a-reallocr.o)
                0x00086924                _realloc_r
 .text._raise_r
                0x00086ce4       0x58 c:/users/pavel duniak/downloads/arduino ide/hardware/packages/arduino/tools/arm-none-eabi-gcc/4.8.3-2014q1/bin/../lib/gcc/arm-none-eabi/4.8.3/../../../../arm-none-eabi/lib/armv7-m\libc.a(lib_a-signal.o)
                0x00086ce4                _raise_r
 .text.raise    0x00086d3c       0x10 c:/users/pavel duniak/downloads/arduino ide/hardware/packages/arduino/tools/arm-none-eabi-gcc/4.8.3-2014q1/bin/../lib/gcc/arm-none-eabi/4.8.3/../../../../arm-none-eabi/lib/armv7-m\libc.a(lib_a-signal.o)
                0x00086d3c                raise
 .text._kill_r  0x00086d4c       0x28 c:/users/pavel duniak/downloads/arduino ide/hardware/packages/arduino/tools/arm-none-eabi-gcc/4.8.3-2014q1/bin/../lib/gcc/arm-none-eabi/4.8.3/../../../../arm-none-eabi/lib/armv7-m\libc.a(lib_a-signalr.o)
                0x00086d4c                _kill_r
 .text._getpid_r
                0x00086d74        0x4 c:/users/pavel duniak/downloads/arduino ide/hardware/packages/arduino/tools/arm-none-eabi-gcc/4.8.3-2014q1/bin/../lib/gcc/arm-none-eabi/4.8.3/../../../../arm-none-eabi/lib/armv7-m\libc.a(lib_a-signalr.o)
                0x00086d74                _getpid_r
 .text.__sread  0x00086d78       0x24 c:/users/pavel duniak/downloads/arduino ide/hardware/packages/arduino/tools/arm-none-eabi-gcc/4.8.3-2014q1/bin/../lib/gcc/arm-none-eabi/4.8.3/../../../../arm-none-eabi/lib/armv7-m\libc.a(lib_a-stdio.o)
                0x00086d78                __sread
 .text.__swrite
                0x00086d9c       0x38 c:/users/pavel duniak/downloads/arduino ide/hardware/packages/arduino/tools/arm-none-eabi-gcc/4.8.3-2014q1/bin/../lib/gcc/arm-none-eabi/4.8.3/../../../../arm-none-eabi/lib/armv7-m\libc.a(lib_a-stdio.o)
                0x00086d9c                __swrite
 .text.__sseek  0x00086dd4       0x20 c:/users/pavel duniak/downloads/arduino ide/hardware/packages/arduino/tools/arm-none-eabi-gcc/4.8.3-2014q1/bin/../lib/gcc/arm-none-eabi/4.8.3/../../../../arm-none-eabi/lib/armv7-m\libc.a(lib_a-stdio.o)
                0x00086dd4                __sseek
 .text.__sclose
                0x00086df4        0x8 c:/users/pavel duniak/downloads/arduino ide/hardware/packages/arduino/tools/arm-none-eabi-gcc/4.8.3-2014q1/bin/../lib/gcc/arm-none-eabi/4.8.3/../../../../arm-none-eabi/lib/armv7-m\libc.a(lib_a-stdio.o)
                0x00086df4                __sclose
 .text.__swbuf_r
                0x00086dfc       0xa8 c:/users/pavel duniak/downloads/arduino ide/hardware/packages/arduino/tools/arm-none-eabi-gcc/4.8.3-2014q1/bin/../lib/gcc/arm-none-eabi/4.8.3/../../../../arm-none-eabi/lib/armv7-m\libc.a(lib_a-wbuf.o)
                0x00086dfc                __swbuf_r
 .text._wcrtomb_r
                0x00086ea4       0x50 c:/users/pavel duniak/downloads/arduino ide/hardware/packages/arduino/tools/arm-none-eabi-gcc/4.8.3-2014q1/bin/../lib/gcc/arm-none-eabi/4.8.3/../../../../arm-none-eabi/lib/armv7-m\libc.a(lib_a-wcrtomb.o)
                0x00086ea4                _wcrtomb_r
 .text.__ascii_wctomb
                0x00086ef4       0x1c c:/users/pavel duniak/downloads/arduino ide/hardware/packages/arduino/tools/arm-none-eabi-gcc/4.8.3-2014q1/bin/../lib/gcc/arm-none-eabi/4.8.3/../../../../arm-none-eabi/lib/armv7-m\libc.a(lib_a-wctomb_r.o)
                0x00086ef4                __ascii_wctomb
 .text._write_r
                0x00086f10       0x28 c:/users/pavel duniak/downloads/arduino ide/hardware/packages/arduino/tools/arm-none-eabi-gcc/4.8.3-2014q1/bin/../lib/gcc/arm-none-eabi/4.8.3/../../../../arm-none-eabi/lib/armv7-m\libc.a(lib_a-writer.o)
                0x00086f10                _write_r
 .text.__register_exitproc
                0x00086f38       0xa8 c:/users/pavel duniak/downloads/arduino ide/hardware/packages/arduino/tools/arm-none-eabi-gcc/4.8.3-2014q1/bin/../lib/gcc/arm-none-eabi/4.8.3/../../../../arm-none-eabi/lib/armv7-m\libc.a(lib_a-__atexit.o)
                0x00086f38                __register_exitproc
 .text._close_r
                0x00086fe0       0x24 c:/users/pavel duniak/downloads/arduino ide/hardware/packages/arduino/tools/arm-none-eabi-gcc/4.8.3-2014q1/bin/../lib/gcc/arm-none-eabi/4.8.3/../../../../arm-none-eabi/lib/armv7-m\libc.a(lib_a-closer.o)
                0x00086fe0                _close_r
 .text._fclose_r
                0x00087004       0x80 c:/users/pavel duniak/downloads/arduino ide/hardware/packages/arduino/tools/arm-none-eabi-gcc/4.8.3-2014q1/bin/../lib/gcc/arm-none-eabi/4.8.3/../../../../arm-none-eabi/lib/armv7-m\libc.a(lib_a-fclose.o)
                0x00087004                _fclose_r
 .text.fclose   0x00087084       0x10 c:/users/pavel duniak/downloads/arduino ide/hardware/packages/arduino/tools/arm-none-eabi-gcc/4.8.3-2014q1/bin/../lib/gcc/arm-none-eabi/4.8.3/../../../../arm-none-eabi/lib/armv7-m\libc.a(lib_a-fclose.o)
                0x00087084                fclose
 .text._fstat_r
                0x00087094       0x28 c:/users/pavel duniak/downloads/arduino ide/hardware/packages/arduino/tools/arm-none-eabi-gcc/4.8.3-2014q1/bin/../lib/gcc/arm-none-eabi/4.8.3/../../../../arm-none-eabi/lib/armv7-m\libc.a(lib_a-fstatr.o)
                0x00087094                _fstat_r
 .text._isatty_r
                0x000870bc       0x24 c:/users/pavel duniak/downloads/arduino ide/hardware/packages/arduino/tools/arm-none-eabi-gcc/4.8.3-2014q1/bin/../lib/gcc/arm-none-eabi/4.8.3/../../../../arm-none-eabi/lib/armv7-m\libc.a(lib_a-isattyr.o)
                0x000870bc                _isatty_r
 .text._lseek_r
                0x000870e0       0x28 c:/users/pavel duniak/downloads/arduino ide/hardware/packages/arduino/tools/arm-none-eabi-gcc/4.8.3-2014q1/bin/../lib/gcc/arm-none-eabi/4.8.3/../../../../arm-none-eabi/lib/armv7-m\libc.a(lib_a-lseekr.o)
                0x000870e0                _lseek_r
 .text._read_r  0x00087108       0x28 c:/users/pavel duniak/downloads/arduino ide/hardware/packages/arduino/tools/arm-none-eabi-gcc/4.8.3-2014q1/bin/../lib/gcc/arm-none-eabi/4.8.3/../../../../arm-none-eabi/lib/armv7-m\libc.a(lib_a-readr.o)
                0x00087108                _read_r
 .text          0x00087130       0x2c c:/users/pavel duniak/downloads/arduino ide/hardware/packages/arduino/tools/arm-none-eabi-gcc/4.8.3-2014q1/bin/../lib/gcc/arm-none-eabi/4.8.3/armv7-m\libgcc.a(_aeabi_uldivmod.o)
                0x00087130                __aeabi_uldivmod
 .text          0x0008715c       0x60 c:/users/pavel duniak/downloads/arduino ide/hardware/packages/arduino/tools/arm-none-eabi-gcc/4.8.3-2014q1/bin/../lib/gcc/arm-none-eabi/4.8.3/armv7-m\libgcc.a(bpabi.o)
                0x0008715c                __gnu_ldivmod_helper
                0x0008718c                __gnu_uldivmod_helper
 .text          0x000871bc        0x4 c:/users/pavel duniak/downloads/arduino ide/hardware/packages/arduino/tools/arm-none-eabi-gcc/4.8.3-2014q1/bin/../lib/gcc/arm-none-eabi/4.8.3/armv7-m\libgcc.a(_dvmd_tls.o)
                0x000871bc                __aeabi_idiv0
                0x000871bc                __aeabi_ldiv0
 .text          0x000871c0      0x2a0 c:/users/pavel duniak/downloads/arduino ide/hardware/packages/arduino/tools/arm-none-eabi-gcc/4.8.3-2014q1/bin/../lib/gcc/arm-none-eabi/4.8.3/armv7-m\libgcc.a(_divdi3.o)
                0x000871c0                __divdi3
 .text          0x00087460      0x290 c:/users/pavel duniak/downloads/arduino ide/hardware/packages/arduino/tools/arm-none-eabi-gcc/4.8.3-2014q1/bin/../lib/gcc/arm-none-eabi/4.8.3/armv7-m\libgcc.a(_udivdi3.o)
                0x00087460                __udivdi3
 *(.glue_7t)
 .glue_7t       0x00000000        0x0 linker stubs
 *(.glue_7)
 .glue_7        0x00000000        0x0 linker stubs
 *(.rodata .rodata* .gnu.linkonce.r.*)
 .rodata        0x000876f0        0x6 MAVlink_pabaigtas.cpp.o
 .rodata.str1.1
                0x000876f6      0x10c MAVlink_pabaigtas.cpp.o
                                0x11a (size before relaxing)
 .rodata._ZZ18mavlink_parse_charE20mavlink_message_crcs
                0x00087802      0x100 MAVlink_pabaigtas.cpp.o
 *fill*         0x00087902        0x6 
 .rodata._ZTVN5SDLib4FileE
                0x00087908       0x28 SD\File.cpp.o
                0x00087908                vtable for SDLib::File
 .rodata.str1.1
                0x00087930        0x2 SD\SD.cpp.o
 .rodata.str1.1
                0x00087932       0x10 SD\utility\SdFile.cpp.o
 *fill*         0x00087942        0x6 
 .rodata._ZTV6SdFile
                0x00087948       0x10 SD\utility\SdFile.cpp.o
                0x00087948                vtable for SdFile
 .rodata.g_APinDescription
                0x00087958      0xa2c C:\Users\Pavel Duniak\AppData\Local\Temp\VMBCore\arduino16x\c585d5942833bc90f2eead3b847c9015\variant\variant.cpp.o
                0x00087958                g_APinDescription
 .rodata.str1.1
                0x00088384       0x50 C:\Users\Pavel Duniak\Downloads\Arduino IDE\hardware\packages\arduino\hardware\sam\1.6.12\variants\arduino_due_x/libsam_sam3x8e_gcc_rel.a(rtc.o)
 .rodata.__func__.6799
                0x000883d4        0xd C:\Users\Pavel Duniak\Downloads\Arduino IDE\hardware\packages\arduino\hardware\sam\1.6.12\variants\arduino_due_x/libsam_sam3x8e_gcc_rel.a(rtc.o)
 .rodata.__func__.6804
                0x000883e1        0xe C:\Users\Pavel Duniak\Downloads\Arduino IDE\hardware\packages\arduino\hardware\sam\1.6.12\variants\arduino_due_x/libsam_sam3x8e_gcc_rel.a(rtc.o)
 *fill*         0x000883ef        0x1 
 .rodata        0x000883f0       0x40 C:\Users\Pavel Duniak\Downloads\Arduino IDE\hardware\packages\arduino\hardware\sam\1.6.12\variants\arduino_due_x/libsam_sam3x8e_gcc_rel.a(adc.o)
 .rodata.str1.1
                0x00088430        0xf C:\Users\Pavel Duniak\AppData\Local\Temp\VMBuilds\MAVlink_pabaigtas\arduino_due_x_dbg\Debug/core.a(Print.cpp.o)
 *fill*         0x0008843f        0x1 
 .rodata._ZTV9UARTClass
                0x00088440       0x30 C:\Users\Pavel Duniak\AppData\Local\Temp\VMBuilds\MAVlink_pabaigtas\arduino_due_x_dbg\Debug/core.a(UARTClass.cpp.o)
                0x00088440                vtable for UARTClass
 .rodata._ZTV10USARTClass
                0x00088470       0x30 C:\Users\Pavel Duniak\AppData\Local\Temp\VMBuilds\MAVlink_pabaigtas\arduino_due_x_dbg\Debug/core.a(USARTClass.cpp.o)
                0x00088470                vtable for USARTClass
 .rodata.STRING_PRODUCT
                0x000884a0        0xc C:\Users\Pavel Duniak\AppData\Local\Temp\VMBuilds\MAVlink_pabaigtas\arduino_due_x_dbg\Debug/core.a(USBCore.cpp.o)
                0x000884a0                STRING_PRODUCT
 .rodata.USB_DeviceDescriptor
                0x000884ac       0x12 C:\Users\Pavel Duniak\AppData\Local\Temp\VMBuilds\MAVlink_pabaigtas\arduino_due_x_dbg\Debug/core.a(USBCore.cpp.o)
                0x000884ac                USB_DeviceDescriptor
 .rodata.STRING_LANGUAGE
                0x000884be        0x4 C:\Users\Pavel Duniak\AppData\Local\Temp\VMBuilds\MAVlink_pabaigtas\arduino_due_x_dbg\Debug/core.a(USBCore.cpp.o)
                0x000884be                STRING_LANGUAGE
 .rodata._ZL18test_packet_buffer
                0x000884c2       0x35 C:\Users\Pavel Duniak\AppData\Local\Temp\VMBuilds\MAVlink_pabaigtas\arduino_due_x_dbg\Debug/core.a(USBCore.cpp.o)
 .rodata.STRING_MANUFACTURER
                0x000884f7        0xc C:\Users\Pavel Duniak\AppData\Local\Temp\VMBuilds\MAVlink_pabaigtas\arduino_due_x_dbg\Debug/core.a(USBCore.cpp.o)
                0x000884f7                STRING_MANUFACTURER
 .rodata.USB_DeviceDescriptorA
                0x00088503       0x12 C:\Users\Pavel Duniak\AppData\Local\Temp\VMBuilds\MAVlink_pabaigtas\arduino_due_x_dbg\Debug/core.a(USBCore.cpp.o)
                0x00088503                USB_DeviceDescriptorA
 .rodata._ZL19USB_DeviceQualifier
                0x00088515        0x9 C:\Users\Pavel Duniak\AppData\Local\Temp\VMBuilds\MAVlink_pabaigtas\arduino_due_x_dbg\Debug/core.a(USBCore.cpp.o)
 *fill*         0x0008851e        0x2 
 .rodata._ZTV7Serial_
                0x00088520       0x28 C:\Users\Pavel Duniak\AppData\Local\Temp\VMBuilds\MAVlink_pabaigtas\arduino_due_x_dbg\Debug/core.a(CDC.cpp.o)
                0x00088520                vtable for Serial_
 .rodata._ZL18_cdcOtherInterface
                0x00088548       0x42 C:\Users\Pavel Duniak\AppData\Local\Temp\VMBuilds\MAVlink_pabaigtas\arduino_due_x_dbg\Debug/core.a(CDC.cpp.o)
 .rodata._ZL13_cdcInterface
                0x0008858a       0x42 C:\Users\Pavel Duniak\AppData\Local\Temp\VMBuilds\MAVlink_pabaigtas\arduino_due_x_dbg\Debug/core.a(CDC.cpp.o)
 .rodata.str1.4
                0x000885cc       0x3f c:/users/pavel duniak/downloads/arduino ide/hardware/packages/arduino/tools/arm-none-eabi-gcc/4.8.3-2014q1/bin/../lib/gcc/arm-none-eabi/4.8.3/../../../../arm-none-eabi/lib/armv7-m\libc.a(lib_a-assert.o)
                                 0x44 (size before relaxing)
 *fill*         0x0008860b        0x1 
 .rodata.str1.4
                0x0008860c        0x2 c:/users/pavel duniak/downloads/arduino ide/hardware/packages/arduino/tools/arm-none-eabi-gcc/4.8.3-2014q1/bin/../lib/gcc/arm-none-eabi/4.8.3/../../../../arm-none-eabi/lib/armv7-m\libc.a(lib_a-impure.o)
                                  0x4 (size before relaxing)
 *fill*         0x0008860e        0x2 
 .rodata._global_impure_ptr
                0x00088610        0x4 c:/users/pavel duniak/downloads/arduino ide/hardware/packages/arduino/tools/arm-none-eabi-gcc/4.8.3-2014q1/bin/../lib/gcc/arm-none-eabi/4.8.3/../../../../arm-none-eabi/lib/armv7-m\libc.a(lib_a-impure.o)
                0x00088610                _global_impure_ptr
 .rodata.blanks.6717
                0x00088614       0x10 c:/users/pavel duniak/downloads/arduino ide/hardware/packages/arduino/tools/arm-none-eabi-gcc/4.8.3-2014q1/bin/../lib/gcc/arm-none-eabi/4.8.3/../../../../arm-none-eabi/lib/armv7-m\libc.a(lib_a-vfiprintf.o)
 .rodata.str1.4
                0x00088624       0x30 c:/users/pavel duniak/downloads/arduino ide/hardware/packages/arduino/tools/arm-none-eabi-gcc/4.8.3-2014q1/bin/../lib/gcc/arm-none-eabi/4.8.3/../../../../arm-none-eabi/lib/armv7-m\libc.a(lib_a-vfiprintf.o)
 .rodata.zeroes.6718
                0x00088654       0x10 c:/users/pavel duniak/downloads/arduino ide/hardware/packages/arduino/tools/arm-none-eabi-gcc/4.8.3-2014q1/bin/../lib/gcc/arm-none-eabi/4.8.3/../../../../arm-none-eabi/lib/armv7-m\libc.a(lib_a-vfiprintf.o)
 *(.ARM.extab* .gnu.linkonce.armextab.*)
                0x00088664                . = ALIGN (0x4)
 *(.init)
 .init          0x00088664        0x4 c:/users/pavel duniak/downloads/arduino ide/hardware/packages/arduino/tools/arm-none-eabi-gcc/4.8.3-2014q1/bin/../lib/gcc/arm-none-eabi/4.8.3/armv7-m/crti.o
                0x00088664                _init
 .init          0x00088668        0x8 c:/users/pavel duniak/downloads/arduino ide/hardware/packages/arduino/tools/arm-none-eabi-gcc/4.8.3-2014q1/bin/../lib/gcc/arm-none-eabi/4.8.3/armv7-m/crtn.o
                0x00088670                . = ALIGN (0x4)
                0x00088670                __preinit_array_start = .
 *(.preinit_array)
                0x00088670                __preinit_array_end = .
                0x00088670                . = ALIGN (0x4)
                0x00088670                __init_array_start = .
 *(SORT(.init_array.*))
 .init_array.00000
                0x00088670        0x4 c:/users/pavel duniak/downloads/arduino ide/hardware/packages/arduino/tools/arm-none-eabi-gcc/4.8.3-2014q1/bin/../lib/gcc/arm-none-eabi/4.8.3/../../../../arm-none-eabi/lib/armv7-m\libc.a(lib_a-__call_atexit.o)
 *(.init_array)
 .init_array    0x00088674        0x4 c:/users/pavel duniak/downloads/arduino ide/hardware/packages/arduino/tools/arm-none-eabi-gcc/4.8.3-2014q1/bin/../lib/gcc/arm-none-eabi/4.8.3/armv7-m/crtbegin.o
 .init_array    0x00088678        0x4 MAVlink_pabaigtas.cpp.o
 .init_array    0x0008867c        0x4 SPI\SPI.cpp.o
 .init_array    0x00088680        0x4 SD\SD.cpp.o
 .init_array    0x00088684        0x4 SD\utility\Sd2Card.cpp.o
 .init_array    0x00088688        0x4 C:\Users\Pavel Duniak\AppData\Local\Temp\VMBCore\arduino16x\c585d5942833bc90f2eead3b847c9015\variant\variant.cpp.o
 .init_array    0x0008868c        0x4 C:\Users\Pavel Duniak\AppData\Local\Temp\VMBuilds\MAVlink_pabaigtas\arduino_due_x_dbg\Debug/core.a(USBCore.cpp.o)
 .init_array    0x00088690        0x4 C:\Users\Pavel Duniak\AppData\Local\Temp\VMBuilds\MAVlink_pabaigtas\arduino_due_x_dbg\Debug/core.a(CDC.cpp.o)
                0x00088694                __init_array_end = .
                0x00088694                . = ALIGN (0x4)
 *crtbegin.o(.ctors)
 *(EXCLUDE_FILE(*crtend.o) .ctors)
 *(SORT(.ctors.*))
 *crtend.o(.ctors)
                0x00088694                . = ALIGN (0x4)
 *(.fini)
 .fini          0x00088694        0x4 c:/users/pavel duniak/downloads/arduino ide/hardware/packages/arduino/tools/arm-none-eabi-gcc/4.8.3-2014q1/bin/../lib/gcc/arm-none-eabi/4.8.3/armv7-m/crti.o
                0x00088694                _fini
 .fini          0x00088698        0x8 c:/users/pavel duniak/downloads/arduino ide/hardware/packages/arduino/tools/arm-none-eabi-gcc/4.8.3-2014q1/bin/../lib/gcc/arm-none-eabi/4.8.3/armv7-m/crtn.o
                0x000886a0                . = ALIGN (0x4)
                0x000886a0                __fini_array_start = .
 *(.fini_array)
 .fini_array    0x000886a0        0x4 c:/users/pavel duniak/downloads/arduino ide/hardware/packages/arduino/tools/arm-none-eabi-gcc/4.8.3-2014q1/bin/../lib/gcc/arm-none-eabi/4.8.3/armv7-m/crtbegin.o
 *(SORT(.fini_array.*))
                0x000886a4                __fini_array_end = .
 *crtbegin.o(.dtors)
 *(EXCLUDE_FILE(*crtend.o) .dtors)
 *(SORT(.dtors.*))
 *crtend.o(.dtors)
                0x000886a4                . = ALIGN (0x4)
                0x000886a4                _efixed = .
                0x000886a4                PROVIDE (__exidx_start, .)

.vfp11_veneer   0x000886a4        0x0
 .vfp11_veneer  0x00000000        0x0 linker stubs

.v4_bx          0x000886a4        0x0
 .v4_bx         0x00000000        0x0 linker stubs

.iplt           0x000886a4        0x0
 .iplt          0x00000000        0x0 c:/users/pavel duniak/downloads/arduino ide/hardware/packages/arduino/tools/arm-none-eabi-gcc/4.8.3-2014q1/bin/../lib/gcc/arm-none-eabi/4.8.3/armv7-m/crtbegin.o

.ARM.exidx      0x000886a4        0x8
 *(.ARM.exidx* .gnu.linkonce.armexidx.*)
 .ARM.exidx     0x000886a4        0x8 c:/users/pavel duniak/downloads/arduino ide/hardware/packages/arduino/tools/arm-none-eabi-gcc/4.8.3-2014q1/bin/../lib/gcc/arm-none-eabi/4.8.3/armv7-m\libgcc.a(_divdi3.o)
 .ARM.exidx     0x000886ac        0x0 c:/users/pavel duniak/downloads/arduino ide/hardware/packages/arduino/tools/arm-none-eabi-gcc/4.8.3-2014q1/bin/../lib/gcc/arm-none-eabi/4.8.3/armv7-m\libgcc.a(_udivdi3.o)
                                  0x8 (size before relaxing)
                0x000886ac                PROVIDE (__exidx_end, .)

.eh_frame       0x000886ac        0x0
 .eh_frame      0x000886ac        0x0 c:/users/pavel duniak/downloads/arduino ide/hardware/packages/arduino/tools/arm-none-eabi-gcc/4.8.3-2014q1/bin/../lib/gcc/arm-none-eabi/4.8.3/armv7-m/crtbegin.o

.rel.dyn        0x000886ac        0x0
 .rel.iplt      0x00000000        0x0 c:/users/pavel duniak/downloads/arduino ide/hardware/packages/arduino/tools/arm-none-eabi-gcc/4.8.3-2014q1/bin/../lib/gcc/arm-none-eabi/4.8.3/armv7-m/crtbegin.o

.jcr            0x000886ac        0x0
 .jcr           0x000886ac        0x0 c:/users/pavel duniak/downloads/arduino ide/hardware/packages/arduino/tools/arm-none-eabi-gcc/4.8.3-2014q1/bin/../lib/gcc/arm-none-eabi/4.8.3/armv7-m/crtbegin.o

.igot.plt       0x000886ac        0x0
 .igot.plt      0x00000000        0x0 c:/users/pavel duniak/downloads/arduino ide/hardware/packages/arduino/tools/arm-none-eabi-gcc/4.8.3-2014q1/bin/../lib/gcc/arm-none-eabi/4.8.3/armv7-m/crtbegin.o
                0x000886ac                . = ALIGN (0x4)
                0x000886ac                _etext = .

.relocate       0x20070000      0x8e4 load address 0x000886ac
                0x20070000                . = ALIGN (0x4)
                0x20070000                _srelocate = .
 *(.ramfunc .ramfunc.*)
 .ramfunc       0x20070000       0x2c C:\Users\Pavel Duniak\AppData\Local\Temp\VMBuilds\MAVlink_pabaigtas\arduino_due_x_dbg\Debug/core.a(Reset.cpp.o)
                0x20070000                banzai
 *(.data .data.*)
 .data.num_hbs_pasados
                0x2007002c        0x4 MAVlink_pabaigtas.cpp.o
                0x2007002c                num_hbs_pasados